Archive member included because of file (symbol)

/home/dacus/ARMToolchains/gcc-arm-none-eabi-4_8-2014q2/bin/../lib/gcc/arm-none-eabi/4.8.4/armv6-m/libgcc.a(_udivsi3.o)
                              ./system/src/stm32f0-stdperiph/stm32f0xx_rcc.o (__aeabi_uidiv)
/home/dacus/ARMToolchains/gcc-arm-none-eabi-4_8-2014q2/bin/../lib/gcc/arm-none-eabi/4.8.4/armv6-m/libgcc.a(_divsi3.o)
                              ./src/main.o (__aeabi_idiv)
/home/dacus/ARMToolchains/gcc-arm-none-eabi-4_8-2014q2/bin/../lib/gcc/arm-none-eabi/4.8.4/armv6-m/libgcc.a(_dvmd_tls.o)
                              /home/dacus/ARMToolchains/gcc-arm-none-eabi-4_8-2014q2/bin/../lib/gcc/arm-none-eabi/4.8.4/armv6-m/libgcc.a(_udivsi3.o) (__aeabi_idiv0)
/home/dacus/ARMToolchains/gcc-arm-none-eabi-4_8-2014q2/bin/../lib/gcc/arm-none-eabi/4.8.4/armv6-m/libgcc.a(_aeabi_uldivmod.o)
                              ./src/main.o (__aeabi_uldivmod)
/home/dacus/ARMToolchains/gcc-arm-none-eabi-4_8-2014q2/bin/../lib/gcc/arm-none-eabi/4.8.4/armv6-m/libgcc.a(_muldi3.o)
                              ./src/main.o (__aeabi_lmul)
/home/dacus/ARMToolchains/gcc-arm-none-eabi-4_8-2014q2/bin/../lib/gcc/arm-none-eabi/4.8.4/armv6-m/libgcc.a(_fixunsdfsi.o)
                              ./src/main.o (__aeabi_d2uiz)
/home/dacus/ARMToolchains/gcc-arm-none-eabi-4_8-2014q2/bin/../lib/gcc/arm-none-eabi/4.8.4/armv6-m/libgcc.a(_fixunsdfdi.o)
                              ./src/main.o (__aeabi_d2ulz)
/home/dacus/ARMToolchains/gcc-arm-none-eabi-4_8-2014q2/bin/../lib/gcc/arm-none-eabi/4.8.4/armv6-m/libgcc.a(_floatundidf.o)
                              ./src/main.o (__aeabi_ul2d)
/home/dacus/ARMToolchains/gcc-arm-none-eabi-4_8-2014q2/bin/../lib/gcc/arm-none-eabi/4.8.4/armv6-m/libgcc.a(bpabi.o)
                              /home/dacus/ARMToolchains/gcc-arm-none-eabi-4_8-2014q2/bin/../lib/gcc/arm-none-eabi/4.8.4/armv6-m/libgcc.a(_aeabi_uldivmod.o) (__gnu_uldivmod_helper)
/home/dacus/ARMToolchains/gcc-arm-none-eabi-4_8-2014q2/bin/../lib/gcc/arm-none-eabi/4.8.4/armv6-m/libgcc.a(divsf3.o)
                              ./src/main.o (__aeabi_fdiv)
/home/dacus/ARMToolchains/gcc-arm-none-eabi-4_8-2014q2/bin/../lib/gcc/arm-none-eabi/4.8.4/armv6-m/libgcc.a(mulsf3.o)
                              ./src/main.o (__aeabi_fmul)
/home/dacus/ARMToolchains/gcc-arm-none-eabi-4_8-2014q2/bin/../lib/gcc/arm-none-eabi/4.8.4/armv6-m/libgcc.a(floatsisf.o)
                              ./src/main.o (__aeabi_i2f)
/home/dacus/ARMToolchains/gcc-arm-none-eabi-4_8-2014q2/bin/../lib/gcc/arm-none-eabi/4.8.4/armv6-m/libgcc.a(floatunsisf.o)
                              ./src/main.o (__aeabi_ui2f)
/home/dacus/ARMToolchains/gcc-arm-none-eabi-4_8-2014q2/bin/../lib/gcc/arm-none-eabi/4.8.4/armv6-m/libgcc.a(adddf3.o)
                              ./src/main.o (__aeabi_dadd)
/home/dacus/ARMToolchains/gcc-arm-none-eabi-4_8-2014q2/bin/../lib/gcc/arm-none-eabi/4.8.4/armv6-m/libgcc.a(divdf3.o)
                              ./src/main.o (__aeabi_ddiv)
/home/dacus/ARMToolchains/gcc-arm-none-eabi-4_8-2014q2/bin/../lib/gcc/arm-none-eabi/4.8.4/armv6-m/libgcc.a(muldf3.o)
                              ./src/main.o (__aeabi_dmul)
/home/dacus/ARMToolchains/gcc-arm-none-eabi-4_8-2014q2/bin/../lib/gcc/arm-none-eabi/4.8.4/armv6-m/libgcc.a(subdf3.o)
                              /home/dacus/ARMToolchains/gcc-arm-none-eabi-4_8-2014q2/bin/../lib/gcc/arm-none-eabi/4.8.4/armv6-m/libgcc.a(_fixunsdfsi.o) (__aeabi_dsub)
/home/dacus/ARMToolchains/gcc-arm-none-eabi-4_8-2014q2/bin/../lib/gcc/arm-none-eabi/4.8.4/armv6-m/libgcc.a(fixdfsi.o)
                              /home/dacus/ARMToolchains/gcc-arm-none-eabi-4_8-2014q2/bin/../lib/gcc/arm-none-eabi/4.8.4/armv6-m/libgcc.a(_fixunsdfsi.o) (__aeabi_d2iz)
/home/dacus/ARMToolchains/gcc-arm-none-eabi-4_8-2014q2/bin/../lib/gcc/arm-none-eabi/4.8.4/armv6-m/libgcc.a(floatsidf.o)
                              ./src/main.o (__aeabi_i2d)
/home/dacus/ARMToolchains/gcc-arm-none-eabi-4_8-2014q2/bin/../lib/gcc/arm-none-eabi/4.8.4/armv6-m/libgcc.a(floatunsidf.o)
                              ./src/main.o (__aeabi_ui2d)
/home/dacus/ARMToolchains/gcc-arm-none-eabi-4_8-2014q2/bin/../lib/gcc/arm-none-eabi/4.8.4/armv6-m/libgcc.a(extendsfdf2.o)
                              ./src/main.o (__aeabi_f2d)
/home/dacus/ARMToolchains/gcc-arm-none-eabi-4_8-2014q2/bin/../lib/gcc/arm-none-eabi/4.8.4/armv6-m/libgcc.a(_arm_cmpdf2.o)
                              /home/dacus/ARMToolchains/gcc-arm-none-eabi-4_8-2014q2/bin/../lib/gcc/arm-none-eabi/4.8.4/armv6-m/libgcc.a(_fixunsdfsi.o) (__aeabi_dcmpge)
/home/dacus/ARMToolchains/gcc-arm-none-eabi-4_8-2014q2/bin/../lib/gcc/arm-none-eabi/4.8.4/armv6-m/libgcc.a(_clzsi2.o)
                              /home/dacus/ARMToolchains/gcc-arm-none-eabi-4_8-2014q2/bin/../lib/gcc/arm-none-eabi/4.8.4/armv6-m/libgcc.a(divsf3.o) (__clzsi2)
/home/dacus/ARMToolchains/gcc-arm-none-eabi-4_8-2014q2/bin/../lib/gcc/arm-none-eabi/4.8.4/armv6-m/libgcc.a(_divdi3.o)
[...]
Memory Configuration

Name             Origin             Length             Attributes
RAM              0x20000000         0x00004000         xrw
CCMRAM           0x00000000         0x00000000         xrw
FLASH            0x08000000         0x00020000         xr
FLASHB1          0x00000000         0x00000000         xr
EXTMEMB0         0x00000000         0x00000000         xr
EXTMEMB1         0x00000000         0x00000000         xr
EXTMEMB2         0x00000000         0x00000000         xr
EXTMEMB3         0x00000000         0x00000000         xr
MEMORY_ARRAY     0x00000000         0x00000000         xrw
*default*        0x00000000         0xffffffff

Linker script and memory map

LOAD ./system/src/stm32f0-stdperiph/stm32f0xx_gpio.o
LOAD ./system/src/stm32f0-stdperiph/stm32f0xx_rcc.o
LOAD ./system/src/newlib/_cxx.o
LOAD ./system/src/newlib/_exit.o
LOAD ./system/src/newlib/_sbrk.o
LOAD ./system/src/newlib/_startup.o
LOAD ./system/src/newlib/_syscalls.o
LOAD ./system/src/newlib/_write.o
LOAD ./system/src/newlib/assert.o
LOAD ./system/src/diag/Trace.o
LOAD ./system/src/diag/trace_impl.o
LOAD ./system/src/cortexm/_initialize_hardware.o
LOAD ./system/src/cortexm/_reset_hardware.o
LOAD ./system/src/cortexm/exception_handlers.o
LOAD ./system/src/cmsis/system_stm32f0xx.o
LOAD ./system/src/cmsis/vectors_stm32f0xx.o
LOAD ./src/BMS1.o
LOAD ./src/LCD.o
LOAD ./src/Timer.o
LOAD ./src/main.o
LOAD ./src/stm320518_eval_i2c_ee.o
LOAD ./src/stm32f0xx_exti.o
LOAD ./src/stm32f0xx_i2c.o
LOAD ./src/stm32f0xx_it.o
LOAD ./src/stm32f0xx_misc.o
LOAD ./src/stm32f0xx_pwr.o
LOAD ./src/stm32f0xx_rtc.o
LOAD ./src/stm32f0xx_syscfg.o
LOAD ./src/stm32f0xx_tim.o
LOAD ./src/stm32f0xx_usart.o
LOAD ./src/tsl.o
LOAD ./src/tsl_acq.o
LOAD ./src/tsl_acq_stm32f0xx.o
LOAD ./src/tsl_dxs.o
LOAD ./src/tsl_ecs.o
LOAD ./src/tsl_filter.o
LOAD ./src/tsl_globals.o
LOAD ./src/tsl_linrot.o
LOAD ./src/tsl_object.o
LOAD ./src/tsl_time.o
LOAD ./src/tsl_time_stm32f0xx.o
LOAD ./src/tsl_touchkey.o
LOAD ./src/tsl_user.o
LOAD /home/dacus/ARMToolchains/gcc-arm-none-eabi-4_8-2014q2/bin/../lib/gcc/arm-none-eabi/4.8.4/../../../../arm-none-eabi/lib/armv6-m/libstdc++_s.a
LOAD /home/dacus/ARMToolchains/gcc-arm-none-eabi-4_8-2014q2/bin/../lib/gcc/arm-none-eabi/4.8.4/../../../../arm-none-eabi/lib/armv6-m/libm.a
START GROUP
LOAD /home/dacus/ARMToolchains/gcc-arm-none-eabi-4_8-2014q2/bin/../lib/gcc/arm-none-eabi/4.8.4/armv6-m/libgcc.a
LOAD /home/dacus/ARMToolchains/gcc-arm-none-eabi-4_8-2014q2/bin/../lib/gcc/arm-none-eabi/4.8.4/../../../../arm-none-eabi/lib/armv6-m/libg_s.a
LOAD /home/dacus/ARMToolchains/gcc-arm-none-eabi-4_8-2014q2/bin/../lib/gcc/arm-none-eabi/4.8.4/../../../../arm-none-eabi/lib/armv6-m/libc_s.a
END GROUP
START GROUP
LOAD /home/dacus/ARMToolchains/gcc-arm-none-eabi-4_8-2014q2/bin/../lib/gcc/arm-none-eabi/4.8.4/armv6-m/libgcc.a
LOAD /home/dacus/ARMToolchains/gcc-arm-none-eabi-4_8-2014q2/bin/../lib/gcc/arm-none-eabi/4.8.4/../../../../arm-none-eabi/lib/armv6-m/libc_s.a
END GROUP
                0x20004000                __stack = (ORIGIN (RAM) + 0x4000)
                0x20004000                _estack = __stack
                0x00000400                __Main_Stack_Size = 0x400
                0x00000400                PROVIDE (_Main_Stack_Size, __Main_Stack_Size)
                0x20003c00                __Main_Stack_Limit = (__stack - __Main_Stack_Size)
                0x20003c00                PROVIDE (_Main_Stack_Limit, __Main_Stack_Limit)
                0x00000100                _Minimum_Stack_Size = 0x100
                0x200007f4                PROVIDE (_Heap_Begin, _end_noinit)
                0x20003c00                PROVIDE (_Heap_Limit, (__stack - __Main_Stack_Size))

.isr_vector     0x08000000      0x214
                0x08000000                . = ALIGN (0x4)
 *(.isr_vector)
 .isr_vector    0x08000000       0xc4 ./system/src/cmsis/vectors_stm32f0xx.o
                0x08000000                g_pfnVectors
 *(.cfmconfig)
 *(.after_vectors .after_vectors.*)
 .after_vectors
                0x080000c4      0x11c ./system/src/newlib/_startup.o
                0x080000c4                _start
 .after_vectors
                0x080001e0       0x2c ./system/src/cortexm/exception_handlers.o
                0x080001e0                Reset_Handler
 .after_vectors
                0x0800020c        0x8 ./system/src/cmsis/vectors_stm32f0xx.o
                0x0800020c                TIM1_CC_IRQHandler
                0x0800020c                TSC_IRQHandler
                0x0800020c                ADC1_COMP_IRQHandler
                0x0800020c                PVD_IRQHandler
                0x0800020c                I2C1_IRQHandler
                0x0800020c                RCC_CRS_IRQHandler
                0x0800020c                SPI1_IRQHandler
                0x0800020c                TIM6_DAC_IRQHandler
                0x0800020c                USART3_4_IRQHandler
                0x0800020c                EXTI2_3_IRQHandler
                0x0800020c                ADC1_IRQHandler
                0x0800020c                I2C2_IRQHandler
                0x0800020c                TIM17_IRQHandler
                0x0800020c                CEC_CAN_IRQHandler
                0x0800020c                RTC_IRQHandler
                0x0800020c                PVD_VDDIO2_IRQHandler
                0x0800020c                DMA1_Channel4_5_6_7_IRQHandler
                0x0800020c                TIM16_IRQHandler
                0x0800020c                TIM3_IRQHandler
                0x0800020c                RCC_IRQHandler
                0x0800020c                EXTI4_15_IRQHandler
                0x0800020c                DMA1_Channel1_IRQHandler
                0x0800020c                Default_Handler
                0x0800020c                CEC_IRQHandler
                0x0800020c                TIM14_IRQHandler
                0x0800020c                DMA1_Channel4_5_IRQHandler
                0x0800020c                TIM7_IRQHandler
                0x0800020c                TIM15_IRQHandler
                0x0800020c                EXTI0_1_IRQHandler
                0x0800020c                USB_IRQHandler
                0x0800020c                SPI2_IRQHandler
                0x0800020c                WWDG_IRQHandler
                0x0800020c                TIM2_IRQHandler
                0x0800020c                DMA1_Channel2_3_IRQHandler
                0x0800020c                USART2_IRQHandler
                0x0800020c                FLASH_IRQHandler
                0x0800020c                USART1_IRQHandler
                0x0800020c                TIM1_BRK_UP_TRG_COM_IRQHandler
                0x08000214                . = ALIGN (0x4)

.inits          0x08000214        0x0
                0x08000214                . = ALIGN (0x4)
 *(.init)
 *(.fini)
                0x08000214                . = ALIGN (0x4)
                0x08000214                PROVIDE (__preinit_array_start, .)
 *(.preinit_array_sysinit .preinit_array_sysinit.*)
 *(.preinit_array_platform .preinit_array_platform.*)
 *(.preinit_array .preinit_array.*)
                0x08000214                PROVIDE (__preinit_array_end, .)
                0x08000214                . = ALIGN (0x4)
                0x08000214                PROVIDE (__init_array_start, .)
 *(SORT(.init_array.*))
 *(.init_array)
                0x08000214                PROVIDE (__init_array_end, .)
                0x08000214                . = ALIGN (0x4)
                0x08000214                PROVIDE (__fini_array_start, .)
 *(SORT(.fini_array.*))
 *(.fini_array)
                0x08000214                PROVIDE (__fini_array_end, .)
                0x08000214                . = ALIGN (0x4)

.flashtext      0x08000214        0x0
                0x08000214                . = ALIGN (0x4)
 *(.flashtext .flashtext.*)
                0x08000214                . = ALIGN (0x4)

.text           0x08000218    0x123d4
                0x08000218                . = ALIGN (0x4)
 *(.text .text.*)
 .text.GPIO_Init
                0x08000218      0x138 ./system/src/stm32f0-stdperiph/stm32f0xx_gpio.o
                0x08000218                GPIO_Init
 .text.GPIO_SetBits
                0x08000350       0x1c ./system/src/stm32f0-stdperiph/stm32f0xx_gpio.o
                0x08000350                GPIO_SetBits
 .text.GPIO_ResetBits
                0x0800036c       0x1c ./system/src/stm32f0-stdperiph/stm32f0xx_gpio.o
                0x0800036c                GPIO_ResetBits
 .text.GPIO_PinAFConfig
                0x08000388       0x9c ./system/src/stm32f0-stdperiph/stm32f0xx_gpio.o
                0x08000388                GPIO_PinAFConfig
 .text.RCC_LSEConfig
                0x08000424       0x38 ./system/src/stm32f0-stdperiph/stm32f0xx_rcc.o
                0x08000424                RCC_LSEConfig
 .text.RCC_I2CCLKConfig
                0x0800045c       0x2c ./system/src/stm32f0-stdperiph/stm32f0xx_rcc.o
                0x0800045c                RCC_I2CCLKConfig
 .text.RCC_GetClocksFreq
                0x08000488      0x264 ./system/src/stm32f0-stdperiph/stm32f0xx_rcc.o
                0x08000488                RCC_GetClocksFreq
 .text.RCC_RTCCLKConfig
                0x080006ec       0x20 ./system/src/stm32f0-stdperiph/stm32f0xx_rcc.o
                0x080006ec                RCC_RTCCLKConfig
 .text.RCC_RTCCLKCmd
                0x0800070c       0x40 ./system/src/stm32f0-stdperiph/stm32f0xx_rcc.o
                0x0800070c                RCC_RTCCLKCmd
 .text.RCC_AHBPeriphClockCmd
                0x0800074c       0x3c ./system/src/stm32f0-stdperiph/stm32f0xx_rcc.o
                0x0800074c                RCC_AHBPeriphClockCmd
 .text.RCC_APB1PeriphClockCmd
                0x08000788       0x3c ./system/src/stm32f0-stdperiph/stm32f0xx_rcc.o
                0x08000788                RCC_APB1PeriphClockCmd
 .text.RCC_APB1PeriphResetCmd
                0x080007c4       0x3c ./system/src/stm32f0-stdperiph/stm32f0xx_rcc.o
                0x080007c4                RCC_APB1PeriphResetCmd
 .text.RCC_GetFlagStatus
                0x08000800       0x90 ./system/src/stm32f0-stdperiph/stm32f0xx_rcc.o
                0x08000800                RCC_GetFlagStatus
 .text._exit    0x08000890        0xc ./system/src/newlib/_exit.o
                0x08000890                _exit
 .text.__initialize_args
                0x0800089c       0x24 ./system/src/newlib/_syscalls.o
                0x0800089c                __initialize_args
 .text.__initialize_hardware
                0x080008c0        0xc ./system/src/cortexm/_initialize_hardware.o
                0x080008c0                __initialize_hardware
 .text.NVIC_SystemReset
                0x080008cc       0x1c ./system/src/cortexm/_reset_hardware.o
 .text.__reset_hardware
                0x080008e8        0x8 ./system/src/cortexm/_reset_hardware.o
                0x080008e8                __reset_hardware
 .text.SystemInit
                0x080008f0       0x90 ./system/src/cmsis/system_stm32f0xx.o
                0x080008f0                SystemInit
 .text.SetSysClock
                0x08000980       0x94 ./system/src/cmsis/system_stm32f0xx.o
 .text.delayms1
                0x08000a14       0x24 ./src/BMS1.o
                0x08000a14                delayms1
 .text.delayms2
                0x08000a38       0x24 ./src/BMS1.o
                0x08000a38                delayms2
 .text.LCD5110_init
                0x08000a5c       0x60 ./src/LCD.o
                0x08000a5c                LCD5110_init
 .text.LCD5110_LCD_write_byte
                0x08000abc       0x84 ./src/LCD.o
                0x08000abc                LCD5110_LCD_write_byte
 .text.LCD5110_bar
                0x08000b40       0xac ./src/LCD.o
                0x08000b40                LCD5110_bar
 .text.LCD5110_write_char
                0x08000bec       0x78 ./src/LCD.o
                0x08000bec                LCD5110_write_char
 .text.LCD5110_write_char_neg
                0x08000c64       0x7c ./src/LCD.o
                0x08000c64                LCD5110_write_char_neg
 .text.LCD5110_write_string
                0x08000ce0       0x34 ./src/LCD.o
                0x08000ce0                LCD5110_write_string
 .text.LCD5110_write_string_neg
                0x08000d14       0x34 ./src/LCD.o
                0x08000d14                LCD5110_write_string_neg
 .text.LCD5110_clear
                0x08000d48       0x48 ./src/LCD.o
                0x08000d48                LCD5110_clear
 .text.LCD5110_set_XY
                0x08000d90       0x54 ./src/LCD.o
                0x08000d90                LCD5110_set_XY
 .text.LCD5110_write_Dec
                0x08000de4      0x17c ./src/LCD.o
                0x08000de4                LCD5110_write_Dec
 .text.LCD5110_write_Dec_neg
                0x08000f60      0x17c ./src/LCD.o
                0x08000f60                LCD5110_write_Dec_neg
 .text.LCD5110_write_Dec1
                0x080010dc      0x138 ./src/LCD.o
                0x080010dc                LCD5110_write_Dec1
 .text.LCD5110_write_Dec1_neg
                0x08001214      0x138 ./src/LCD.o
                0x08001214                LCD5110_write_Dec1_neg
 .text.LCD5110_LCD_delay_ms
                0x0800134c       0x24 ./src/LCD.o
                0x0800134c                LCD5110_LCD_delay_ms
 .text.LCD5110_GPIO_Config
                0x08001370       0x84 ./src/LCD.o
                0x08001370                LCD5110_GPIO_Config
 .text.LCD5110_CS
                0x080013f4       0x34 ./src/LCD.o
                0x080013f4                LCD5110_CS
 .text.LCD5110_DC
                0x08001428       0x34 ./src/LCD.o
                0x08001428                LCD5110_DC
 .text.LCD5110_MO
                0x0800145c       0x3c ./src/LCD.o
                0x0800145c                LCD5110_MO
 .text.LCD5110_SCK
                0x08001498       0x3c ./src/LCD.o
                0x08001498                LCD5110_SCK
 .text.timer_tick
                0x080014d4       0x20 ./src/Timer.o
                0x080014d4                timer_tick
 .text.SysTick_Handler
                0x080014f4        0xc ./src/Timer.o
                0x080014f4                SysTick_Handler
 .text.main     0x08001500      0x680 ./src/main.o
                0x08001500                main
 .text.Init_Std_GPIOs
                0x08001b80       0x84 ./src/main.o
                0x08001b80                Init_Std_GPIOs
 .text.externalIO
                0x08001c04       0xe8 ./src/main.o
                0x08001c04                externalIO
 .text.externalTEMPI
                0x08001cec      0x150 ./src/main.o
                0x08001cec                externalTEMPI
 .text.onesecondcounter
                0x08001e3c       0x84 ./src/main.o
                0x08001e3c                onesecondcounter
 .text.bktimer  0x08001ec0       0xb8 ./src/main.o
                0x08001ec0                bktimer
 .text.unlock   0x08001f78      0x140 ./src/main.o
                0x08001f78                unlock
 .text.lockKtimer
                0x080020b8       0xe0 ./src/main.o
                0x080020b8                lockKtimer
 .text.UsartDataHeader
                0x08002198      0x11c ./src/main.o
                0x08002198                UsartDataHeader
 .text.dataaquisition
                0x080022b4      0x5ec ./src/main.o
                0x080022b4                dataaquisition
 .text.TSL_Action1
                0x080028a0       0x90 ./src/main.o
                0x080028a0                TSL_Action1
 .text.RAMreadall
                0x08002930       0x2c ./src/main.o
                0x08002930                RAMreadall
 .text.RAMwrite
                0x0800295c       0x38 ./src/main.o
                0x0800295c                RAMwrite
 .text.ROMwrite
                0x08002994       0x50 ./src/main.o
                0x08002994                ROMwrite
 .text.ROMreadall
                0x080029e4       0x74 ./src/main.o
                0x080029e4                ROMreadall
 .text.ROMwriteall
                0x08002a58      0x148 ./src/main.o
                0x08002a58                ROMwriteall
 .text.ROMread  0x08002ba0       0x4c ./src/main.o
                0x08002ba0                ROMread
 *fill*         0x08002bec        0x4 
 .text.ROMv1bd  0x08002bf0       0x90 ./src/main.o
                0x08002bf0                ROMv1bd
 .text.ROMunitbd
                0x08002c80       0xc0 ./src/main.o
                0x08002c80                ROMunitbd
 .text.ROMconvertbd
                0x08002d40      0x5c0 ./src/main.o
                0x08002d40                ROMconvertbd
 .text.ROMv1db  0x08003300       0x98 ./src/main.o
                0x08003300                ROMv1db
 .text.ROMunitdb
                0x08003398       0x54 ./src/main.o
                0x08003398                ROMunitdb
 *fill*         0x080033ec        0x4 
 .text.ROMconvertdb
                0x080033f0      0x440 ./src/main.o
                0x080033f0                ROMconvertdb
 .text.mainmenu1
                0x08003830      0x268 ./src/main.o
                0x08003830                mainmenu1
 .text.monitor  0x08003a98     0x11e0 ./src/main.o
                0x08003a98                monitor
 .text.monitoring
                0x08004c78     0x1b70 ./src/main.o
                0x08004c78                monitoring
 .text.counterR
                0x080067e8      0x3e4 ./src/main.o
                0x080067e8                counterR
 .text.parameterset
                0x08006bcc      0x64c ./src/main.o
                0x08006bcc                parameterset
 .text.valueset
                0x08007218      0x444 ./src/main.o
                0x08007218                valueset
 .text.deviceset
                0x0800765c      0x2c4 ./src/main.o
                0x0800765c                deviceset
 .text.timeanddate
                0x08007920      0x418 ./src/main.o
                0x08007920                timeanddate
 .text.valueset2
                0x08007d38      0x2ac ./src/main.o
                0x08007d38                valueset2
 .text.lk1      0x08007fe4       0x38 ./src/main.o
                0x08007fe4                lk1
 .text.bk1      0x0800801c       0x88 ./src/main.o
                0x0800801c                bk1
 .text.backlight
                0x080080a4      0x3a8 ./src/main.o
                0x080080a4                backlight
 .text.valueset3
                0x0800844c      0x1f4 ./src/main.o
                0x0800844c                valueset3
 .text.USARTMenu
                0x08008640      0x3b0 ./src/main.o
                0x08008640                USARTMenu
 .text.valueset4
                0x080089f0      0x210 ./src/main.o
                0x080089f0                valueset4
 .text.uSDMenu  0x08008c00       0x58 ./src/main.o
                0x08008c00                uSDMenu
 .text.EXT1ANDEXT2
                0x08008c58      0x38c ./src/main.o
                0x08008c58                EXT1ANDEXT2
 .text.valueset5
                0x08008fe4      0x1f4 ./src/main.o
                0x08008fe4                valueset5
 .text.diagnostics
                0x080091d8      0x38c ./src/main.o
                0x080091d8                diagnostics
 .text.about    0x08009564       0xa8 ./src/main.o
                0x08009564                about
 .text.LoadONOFF
                0x0800960c      0x11c ./src/main.o
                0x0800960c                LoadONOFF
 .text.scrollhelp
                0x08009728       0xe0 ./src/main.o
                0x08009728                scrollhelp
 .text.ProcessSensors
                0x08009808      0x240 ./src/main.o
                0x08009808                ProcessSensors
 .text.Time1    0x08009a48      0x140 ./src/main.o
                0x08009a48                Time1
 .text.timestamp1
                0x08009b88       0xc4 ./src/main.o
                0x08009b88                timestamp1
 .text.datestamp1
                0x08009c4c       0xc4 ./src/main.o
                0x08009c4c                datestamp1
 .text.USART_Config
                0x08009d10       0xc4 ./src/main.o
                0x08009d10                USART_Config
 .text.RTC_Config
                0x08009dd4       0xec ./src/main.o
                0x08009dd4                RTC_Config
 .text.sEE_TIMEOUT_UserCallback
                0x08009ec0       0x34 ./src/main.o
                0x08009ec0                sEE_TIMEOUT_UserCallback
 .text.MyTKeys_ErrorStateProcess
                0x08009ef4        0x8 ./src/main.o
                0x08009ef4                MyTKeys_ErrorStateProcess
 .text.MyTKeys_OffStateProcess
                0x08009efc        0x8 ./src/main.o
                0x08009efc                MyTKeys_OffStateProcess
 .text.sEE_LowLevel_DeInit
                0x08009f04       0x64 ./src/stm320518_eval_i2c_ee.o
                0x08009f04                sEE_LowLevel_DeInit
 .text.sEE_LowLevel_Init
                0x08009f68       0x84 ./src/stm320518_eval_i2c_ee.o
                0x08009f68                sEE_LowLevel_Init
 .text.sEE_DeInit
                0x08009fec        0xc ./src/stm320518_eval_i2c_ee.o
                0x08009fec                sEE_DeInit
 .text.sEE_Init
                0x08009ff8       0x64 ./src/stm320518_eval_i2c_ee.o
                0x08009ff8                sEE_Init
 .text.sEE_ReadBuffer
                0x0800a05c      0x3a4 ./src/stm320518_eval_i2c_ee.o
                0x0800a05c                sEE_ReadBuffer
 .text.sEE_WritePage
                0x0800a400      0x168 ./src/stm320518_eval_i2c_ee.o
                0x0800a400                sEE_WritePage
 .text.sEE_WriteBuffer
                0x0800a568      0x294 ./src/stm320518_eval_i2c_ee.o
                0x0800a568                sEE_WriteBuffer
 .text.sEE_WaitEepromStandbyState
                0x0800a7fc       0x98 ./src/stm320518_eval_i2c_ee.o
                0x0800a7fc                sEE_WaitEepromStandbyState
 .text.EXTI_Init
                0x0800a894       0xd8 ./src/stm32f0xx_exti.o
                0x0800a894                EXTI_Init
 .text.EXTI_ClearITPendingBit
                0x0800a96c       0x18 ./src/stm32f0xx_exti.o
                0x0800a96c                EXTI_ClearITPendingBit
 .text.I2C_DeInit
                0x0800a984       0x4c ./src/stm32f0xx_i2c.o
                0x0800a984                I2C_DeInit
 .text.I2C_Init
                0x0800a9d0       0xd0 ./src/stm32f0xx_i2c.o
                0x0800a9d0                I2C_Init
 .text.I2C_Cmd  0x0800aaa0       0x3c ./src/stm32f0xx_i2c.o
                0x0800aaa0                I2C_Cmd
 .text.I2C_GenerateSTART
                0x0800aadc       0x3c ./src/stm32f0xx_i2c.o
                0x0800aadc                I2C_GenerateSTART
 .text.I2C_TransferHandling
                0x0800ab18       0x60 ./src/stm32f0xx_i2c.o
                0x0800ab18                I2C_TransferHandling
 .text.I2C_SendData
                0x0800ab78       0x1c ./src/stm32f0xx_i2c.o
                0x0800ab78                I2C_SendData
 .text.I2C_ReceiveData
                0x0800ab94       0x18 ./src/stm32f0xx_i2c.o
                0x0800ab94                I2C_ReceiveData
 .text.I2C_GetFlagStatus
                0x0800abac       0x4c ./src/stm32f0xx_i2c.o
                0x0800abac                I2C_GetFlagStatus
 .text.I2C_ClearFlag
                0x0800abf8       0x18 ./src/stm32f0xx_i2c.o
                0x0800abf8                I2C_ClearFlag
 .text.NMI_Handler
                0x0800ac10        0x8 ./src/stm32f0xx_it.o
                0x0800ac10                NMI_Handler
 .text.HardFault_Handler
                0x0800ac18        0x8 ./src/stm32f0xx_it.o
                0x0800ac18                HardFault_Handler
 .text.SVC_Handler
                0x0800ac20        0x8 ./src/stm32f0xx_it.o
                0x0800ac20                SVC_Handler
 .text.PendSV_Handler
                0x0800ac28        0x8 ./src/stm32f0xx_it.o
                0x0800ac28                PendSV_Handler
 .text.NVIC_Init
                0x0800ac30       0xac ./src/stm32f0xx_misc.o
                0x0800ac30                NVIC_Init
 .text.PWR_BackupAccessCmd
                0x0800acdc       0x40 ./src/stm32f0xx_pwr.o
                0x0800acdc                PWR_BackupAccessCmd
 .text.RTC_Init
                0x0800ad1c       0x88 ./src/stm32f0xx_rtc.o
                0x0800ad1c                RTC_Init
 .text.RTC_EnterInitMode
                0x0800ada4       0x80 ./src/stm32f0xx_rtc.o
                0x0800ada4                RTC_EnterInitMode
 .text.RTC_ExitInitMode
                0x0800ae24       0x18 ./src/stm32f0xx_rtc.o
                0x0800ae24                RTC_ExitInitMode
 .text.RTC_WaitForSynchro
                0x0800ae3c       0x98 ./src/stm32f0xx_rtc.o
                0x0800ae3c                RTC_WaitForSynchro
 .text.RTC_SetTime
                0x0800aed4      0x128 ./src/stm32f0xx_rtc.o
                0x0800aed4                RTC_SetTime
 .text.RTC_GetTime
                0x0800affc       0xa0 ./src/stm32f0xx_rtc.o
                0x0800affc                RTC_GetTime
 .text.RTC_SetDate
                0x0800b09c      0x134 ./src/stm32f0xx_rtc.o
                0x0800b09c                RTC_SetDate
 .text.RTC_GetDate
                0x0800b1d0       0xa8 ./src/stm32f0xx_rtc.o
                0x0800b1d0                RTC_GetDate
 .text.RTC_WriteBackupRegister
                0x0800b278       0x2c ./src/stm32f0xx_rtc.o
                0x0800b278                RTC_WriteBackupRegister
 .text.RTC_ByteToBcd2
                0x0800b2a4       0x50 ./src/stm32f0xx_rtc.o
 .text.RTC_Bcd2ToByte
                0x0800b2f4       0x48 ./src/stm32f0xx_rtc.o
 .text.USART_Init
                0x0800b33c      0x174 ./src/stm32f0xx_usart.o
                0x0800b33c                USART_Init
 .text.USART_Cmd
                0x0800b4b0       0x3c ./src/stm32f0xx_usart.o
                0x0800b4b0                USART_Cmd
 .text.USART_SendData
                0x0800b4ec       0x24 ./src/stm32f0xx_usart.o
                0x0800b4ec                USART_SendData
 .text.USART_GetFlagStatus
                0x0800b510       0x3c ./src/stm32f0xx_usart.o
                0x0800b510                USART_GetFlagStatus
 .text.TSL_Init
                0x0800b54c       0x44 ./src/tsl.o
                0x0800b54c                TSL_Init
 .text.TSL_acq_BankGetResult
                0x0800b590      0x330 ./src/tsl_acq.o
                0x0800b590                TSL_acq_BankGetResult
 .text.TSL_acq_InitGPIOs
                0x0800b8c0      0x204 ./src/tsl_acq_stm32f0xx.o
                0x0800b8c0                TSL_acq_InitGPIOs
 .text.TSL_acq_Init
                0x0800bac4       0xa0 ./src/tsl_acq_stm32f0xx.o
                0x0800bac4                TSL_acq_Init
 .text.TSL_acq_BankConfig
                0x0800bb64       0xcc ./src/tsl_acq_stm32f0xx.o
                0x0800bb64                TSL_acq_BankConfig
 .text.TSL_acq_BankStartAcq
                0x0800bc30       0x34 ./src/tsl_acq_stm32f0xx.o
                0x0800bc30                TSL_acq_BankStartAcq
 .text.TSL_acq_BankWaitEOC
                0x0800bc64       0x40 ./src/tsl_acq_stm32f0xx.o
                0x0800bc64                TSL_acq_BankWaitEOC
 .text.TSL_acq_GetMeas
                0x0800bca4       0x28 ./src/tsl_acq_stm32f0xx.o
                0x0800bca4                TSL_acq_GetMeas
 .text.TSL_acq_ComputeDelta
                0x0800bccc       0x2c ./src/tsl_acq_stm32f0xx.o
                0x0800bccc                TSL_acq_ComputeDelta
 .text.TSL_acq_ComputeMeas
                0x0800bcf8       0x28 ./src/tsl_acq_stm32f0xx.o
                0x0800bcf8                TSL_acq_ComputeMeas
 .text.TSL_acq_CheckNoise
                0x0800bd20        0xc ./src/tsl_acq_stm32f0xx.o
                0x0800bd20                TSL_acq_CheckNoise
 .text.TSL_acq_UseFilter
                0x0800bd2c       0x14 ./src/tsl_acq_stm32f0xx.o
                0x0800bd2c                TSL_acq_UseFilter
 .text.TSL_acq_TestReferenceOutOfRange
                0x0800bd40       0x14 ./src/tsl_acq_stm32f0xx.o
                0x0800bd40                TSL_acq_TestReferenceOutOfRange
 .text.TSL_acq_TestFirstReferenceIsValid
                0x0800bd54       0x18 ./src/tsl_acq_stm32f0xx.o
                0x0800bd54                TSL_acq_TestFirstReferenceIsValid
 .text.SoftDelay
                0x0800bd6c       0x20 ./src/tsl_acq_stm32f0xx.o
                0x0800bd6c                SoftDelay
 .text.TSL_dxs_FirstObj
                0x0800bd8c       0x10 ./src/tsl_dxs.o
                0x0800bd8c                TSL_dxs_FirstObj
 .text.TSL_ecs_CalcK
                0x0800bd9c      0x178 ./src/tsl_ecs.o
                0x0800bd9c                TSL_ecs_CalcK
 .text.TSL_ecs_ProcessK
                0x0800bf14      0x15c ./src/tsl_ecs.o
                0x0800bf14                TSL_ecs_ProcessK
 .text.TSL_ecs_Process
                0x0800c070       0xe4 ./src/tsl_ecs.o
                0x0800c070                TSL_ecs_Process
 .text.TSL_obj_GroupInit
                0x0800c154       0xb8 ./src/tsl_object.o
                0x0800c154                TSL_obj_GroupInit
 .text.TSL_obj_GroupProcess
                0x0800c20c       0xb8 ./src/tsl_object.o
                0x0800c20c                TSL_obj_GroupProcess
 .text.TSL_obj_SetGlobalObj
                0x0800c2c4       0x30 ./src/tsl_object.o
                0x0800c2c4                TSL_obj_SetGlobalObj
 .text.TSL_tim_CheckDelay_ms
                0x0800c2f4       0xbc ./src/tsl_time.o
                0x0800c2f4                TSL_tim_CheckDelay_ms
 .text.TSL_tim_CheckDelay_sec
                0x0800c3b0       0xc0 ./src/tsl_time.o
                0x0800c3b0                TSL_tim_CheckDelay_sec
 .text.NVIC_SetPriority
                0x0800c470       0xe0 ./src/tsl_time_stm32f0xx.o
 .text.SysTick_Config
                0x0800c550       0x48 ./src/tsl_time_stm32f0xx.o
 .text.TSL_tim_Init
                0x0800c598       0x30 ./src/tsl_time_stm32f0xx.o
                0x0800c598                TSL_tim_Init
 .text.TSL_tkey_Init
                0x0800c5c8       0x58 ./src/tsl_touchkey.o
                0x0800c5c8                TSL_tkey_Init
 .text.TSL_tkey_Process
                0x0800c620       0x98 ./src/tsl_touchkey.o
                0x0800c620                TSL_tkey_Process
 .text.TSL_tkey_SetStateCalibration
                0x0800c6b8       0x90 ./src/tsl_touchkey.o
                0x0800c6b8                TSL_tkey_SetStateCalibration
 .text.TSL_tkey_GetStateMask
                0x0800c748       0x40 ./src/tsl_touchkey.o
                0x0800c748                TSL_tkey_GetStateMask
 .text.TSL_tkey_DebReleaseDetectStateProcess
                0x0800c788       0x80 ./src/tsl_touchkey.o
                0x0800c788                TSL_tkey_DebReleaseDetectStateProcess
 .text.TSL_tkey_DebReleaseTouchStateProcess
                0x0800c808       0x80 ./src/tsl_touchkey.o
                0x0800c808                TSL_tkey_DebReleaseTouchStateProcess
 .text.TSL_tkey_ReleaseStateProcess
                0x0800c888       0xec ./src/tsl_touchkey.o
                0x0800c888                TSL_tkey_ReleaseStateProcess
 .text.TSL_tkey_DebCalibrationStateProcess
                0x0800c974       0x80 ./src/tsl_touchkey.o
                0x0800c974                TSL_tkey_DebCalibrationStateProcess
 .text.TSL_tkey_CalibrationStateProcess
                0x0800c9f4      0x154 ./src/tsl_touchkey.o
                0x0800c9f4                TSL_tkey_CalibrationStateProcess
 .text.TSL_tkey_DebDetectStateProcess
                0x0800cb48       0x84 ./src/tsl_touchkey.o
                0x0800cb48                TSL_tkey_DebDetectStateProcess
 .text.TSL_tkey_DetectStateProcess
                0x0800cbcc       0xe8 ./src/tsl_touchkey.o
                0x0800cbcc                TSL_tkey_DetectStateProcess
 .text.TSL_tkey_TouchStateProcess
                0x0800ccb4       0xe8 ./src/tsl_touchkey.o
                0x0800ccb4                TSL_tkey_TouchStateProcess
 .text.TSL_tkey_DebErrorStateProcess
                0x0800cd9c       0xc8 ./src/tsl_touchkey.o
                0x0800cd9c                TSL_tkey_DebErrorStateProcess
 .text.TSL_tkey_DTOGetTime
                0x0800ce64       0x48 ./src/tsl_touchkey.o
                0x0800ce64                TSL_tkey_DTOGetTime
 .text.TSL_user_Init
                0x0800ceac       0x24 ./src/tsl_user.o
                0x0800ceac                TSL_user_Init
 .text.TSL_user_SetThresholds
                0x0800ced0       0xa4 ./src/tsl_user.o
                0x0800ced0                TSL_user_SetThresholds
 .text          0x0800cf74       0x9c /home/dacus/ARMToolchains/gcc-arm-none-eabi-4_8-2014q2/bin/../lib/gcc/arm-none-eabi/4.8.4/armv6-m/libgcc.a(_udivsi3.o)
                0x0800cf74                __udivsi3
                0x0800cf74                __aeabi_uidiv
                0x0800cffc                __aeabi_uidivmod
 .text          0x0800d010       0xc0 /home/dacus/ARMToolchains/gcc-arm-none-eabi-4_8-2014q2/bin/../lib/gcc/arm-none-eabi/4.8.4/armv6-m/libgcc.a(_divsi3.o)
                0x0800d010                __aeabi_idiv
                0x0800d010                __divsi3
                0x0800d0bc                __aeabi_idivmod
 .text          0x0800d0d0        0x4 /home/dacus/ARMToolchains/gcc-arm-none-eabi-4_8-2014q2/bin/../lib/gcc/arm-none-eabi/4.8.4/armv6-m/libgcc.a(_dvmd_tls.o)
                0x0800d0d0                __aeabi_ldiv0
                0x0800d0d0                __aeabi_idiv0
 .text          0x0800d0d4       0x40 /home/dacus/ARMToolchains/gcc-arm-none-eabi-4_8-2014q2/bin/../lib/gcc/arm-none-eabi/4.8.4/armv6-m/libgcc.a(_aeabi_uldivmod.o)
                0x0800d0d4                __aeabi_uldivmod
 .text          0x0800d114       0x44 /home/dacus/ARMToolchains/gcc-arm-none-eabi-4_8-2014q2/bin/../lib/gcc/arm-none-eabi/4.8.4/armv6-m/libgcc.a(_muldi3.o)
                0x0800d114                __aeabi_lmul
                0x0800d114                __muldi3
 .text          0x0800d158       0x40 /home/dacus/ARMToolchains/gcc-arm-none-eabi-4_8-2014q2/bin/../lib/gcc/arm-none-eabi/4.8.4/armv6-m/libgcc.a(_fixunsdfsi.o)
                0x0800d158                __fixunsdfsi
                0x0800d158                __aeabi_d2uiz
 .text          0x0800d198       0x48 /home/dacus/ARMToolchains/gcc-arm-none-eabi-4_8-2014q2/bin/../lib/gcc/arm-none-eabi/4.8.4/armv6-m/libgcc.a(_fixunsdfdi.o)
                0x0800d198                __aeabi_d2ulz
                0x0800d198                __fixunsdfdi
 .text          0x0800d1e0       0x30 /home/dacus/ARMToolchains/gcc-arm-none-eabi-4_8-2014q2/bin/../lib/gcc/arm-none-eabi/4.8.4/armv6-m/libgcc.a(_floatundidf.o)
                0x0800d1e0                __aeabi_ul2d
                0x0800d1e0                __floatundidf
 .text          0x0800d210       0x6c /home/dacus/ARMToolchains/gcc-arm-none-eabi-4_8-2014q2/bin/../lib/gcc/arm-none-eabi/4.8.4/armv6-m/libgcc.a(bpabi.o)
                0x0800d210                __gnu_ldivmod_helper
                0x0800d248                __gnu_uldivmod_helper
 .text          0x0800d27c      0x24c /home/dacus/ARMToolchains/gcc-arm-none-eabi-4_8-2014q2/bin/../lib/gcc/arm-none-eabi/4.8.4/armv6-m/libgcc.a(divsf3.o)
                0x0800d27c                __aeabi_fdiv
 .text          0x0800d4c8      0x254 /home/dacus/ARMToolchains/gcc-arm-none-eabi-4_8-2014q2/bin/../lib/gcc/arm-none-eabi/4.8.4/armv6-m/libgcc.a(mulsf3.o)
                0x0800d4c8                __aeabi_fmul
 .text          0x0800d71c       0xb8 /home/dacus/ARMToolchains/gcc-arm-none-eabi-4_8-2014q2/bin/../lib/gcc/arm-none-eabi/4.8.4/armv6-m/libgcc.a(floatsisf.o)
                0x0800d71c                __aeabi_i2f
 .text          0x0800d7d4       0xa0 /home/dacus/ARMToolchains/gcc-arm-none-eabi-4_8-2014q2/bin/../lib/gcc/arm-none-eabi/4.8.4/armv6-m/libgcc.a(floatunsisf.o)
                0x0800d7d4                __aeabi_ui2f
 .text          0x0800d874      0x644 /home/dacus/ARMToolchains/gcc-arm-none-eabi-4_8-2014q2/bin/../lib/gcc/arm-none-eabi/4.8.4/armv6-m/libgcc.a(adddf3.o)
                0x0800d874                __aeabi_dadd
 .text          0x0800deb8      0x648 /home/dacus/ARMToolchains/gcc-arm-none-eabi-4_8-2014q2/bin/../lib/gcc/arm-none-eabi/4.8.4/armv6-m/libgcc.a(divdf3.o)
                0x0800deb8                __aeabi_ddiv
 .text          0x0800e500      0x520 /home/dacus/ARMToolchains/gcc-arm-none-eabi-4_8-2014q2/bin/../lib/gcc/arm-none-eabi/4.8.4/armv6-m/libgcc.a(muldf3.o)
                0x0800e500                __aeabi_dmul
 .text          0x0800ea20      0x668 /home/dacus/ARMToolchains/gcc-arm-none-eabi-4_8-2014q2/bin/../lib/gcc/arm-none-eabi/4.8.4/armv6-m/libgcc.a(subdf3.o)
                0x0800ea20                __aeabi_dsub
 .text          0x0800f088       0x68 /home/dacus/ARMToolchains/gcc-arm-none-eabi-4_8-2014q2/bin/../lib/gcc/arm-none-eabi/4.8.4/armv6-m/libgcc.a(fixdfsi.o)
                0x0800f088                __aeabi_d2iz
 .text          0x0800f0f0       0x7c /home/dacus/ARMToolchains/gcc-arm-none-eabi-4_8-2014q2/bin/../lib/gcc/arm-none-eabi/4.8.4/armv6-m/libgcc.a(floatsidf.o)
                0x0800f0f0                __aeabi_i2d
 .text          0x0800f16c       0x68 /home/dacus/ARMToolchains/gcc-arm-none-eabi-4_8-2014q2/bin/../lib/gcc/arm-none-eabi/4.8.4/armv6-m/libgcc.a(floatunsidf.o)
                0x0800f16c                __aeabi_ui2d
 .text          0x0800f1d4       0xa4 /home/dacus/ARMToolchains/gcc-arm-none-eabi-4_8-2014q2/bin/../lib/gcc/arm-none-eabi/4.8.4/armv6-m/libgcc.a(extendsfdf2.o)
                0x0800f1d4                __aeabi_f2d
 .text          0x0800f278       0x7c /home/dacus/ARMToolchains/gcc-arm-none-eabi-4_8-2014q2/bin/../lib/gcc/arm-none-eabi/4.8.4/armv6-m/libgcc.a(_arm_cmpdf2.o)
                0x0800f278                __aeabi_cdrcmple
                0x0800f288                __aeabi_cdcmple
                0x0800f288                __aeabi_cdcmpeq
                0x0800f298                __aeabi_dcmpeq
                0x0800f2a4                __aeabi_dcmplt
                0x0800f2b8                __aeabi_dcmple
                0x0800f2cc                __aeabi_dcmpgt
                0x0800f2e0                __aeabi_dcmpge
 .text          0x0800f2f4       0x3c /home/dacus/ARMToolchains/gcc-arm-none-eabi-4_8-2014q2/bin/../lib/gcc/arm-none-eabi/4.8.4/armv6-m/libgcc.a(_clzsi2.o)
                0x0800f2f4                __clzsi2
 .text          0x0800f330      0x3b8 /home/dacus/ARMToolchains/gcc-arm-none-eabi-4_8-2014q2/bin/../lib/gcc/arm-none-eabi/4.8.4/armv6-m/libgcc.a(_divdi3.o)
                0x0800f330                __divdi3
 .text          0x0800f6e8      0x384 /home/dacus/ARMToolchains/gcc-arm-none-eabi-4_8-2014q2/bin/../lib/gcc/arm-none-eabi/4.8.4/armv6-m/libgcc.a(_udivdi3.o)
                0x0800f6e8                __udivdi3
 .text          0x0800fa6c       0x94 /home/dacus/ARMToolchains/gcc-arm-none-eabi-4_8-2014q2/bin/../lib/gcc/arm-none-eabi/4.8.4/armv6-m/libgcc.a(eqdf2.o)
                0x0800fa6c                __eqdf2
                0x0800fa6c                __nedf2
 .text          0x0800fb00       0xfc /home/dacus/ARMToolchains/gcc-arm-none-eabi-4_8-2014q2/bin/../lib/gcc/arm-none-eabi/4.8.4/armv6-m/libgcc.a(gedf2.o)
                0x0800fb00                __gtdf2
                0x0800fb00                __gedf2
 .text          0x0800fbfc       0xfc /home/dacus/ARMToolchains/gcc-arm-none-eabi-4_8-2014q2/bin/../lib/gcc/arm-none-eabi/4.8.4/armv6-m/libgcc.a(ledf2.o)
                0x0800fbfc                __ltdf2
                0x0800fbfc                __ledf2
 .text.memcpy   0x0800fcf8       0x12 /home/dacus/ARMToolchains/gcc-arm-none-eabi-4_8-2014q2/bin/../lib/gcc/arm-none-eabi/4.8.4/../../../../arm-none-eabi/lib/armv6-m/libg_s.a(lib_a-memcpy-stub.o)
                0x0800fcf8                memcpy
 *(.rodata .rodata.*)
 *fill*         0x0800fd0a        0x2 
 .rodata.font6_8
                0x0800fd0c      0x2a0 ./src/LCD.o
 .rodata        0x0800ffac     0x1754 ./src/main.o
 .rodata.mainmenu
                0x08011700       0x28 ./src/main.o
 .rodata.devset
                0x08011728       0x28 ./src/main.o
 .rodata.timedate
                0x08011750       0x3c ./src/main.o
 .rodata.LCDbacklight
                0x0801178c       0x24 ./src/main.o
 .rodata.EXT12  0x080117b0       0x30 ./src/main.o
 .rodata.counterreset
                0x080117e0       0x20 ./src/main.o
 .rodata.timedateval
                0x08011800       0x64 ./src/main.o
 .rodata.realcurrent
                0x08011864       0x80 ./src/main.o
 .rodata.backlightval
                0x080118e4       0x3c ./src/main.o
 .rodata.EXT12val
                0x08011920       0x50 ./src/main.o
 .rodata.USARTmenu
                0x08011970       0x24 ./src/main.o
 .rodata.USARTval
                0x08011994       0x64 ./src/main.o
 .rodata.EFT    0x080119f8       0x3c ./src/main.o
 .rodata.BatteryType
                0x08011a34      0x440 ./src/main.o
 .rodata.bmsmenu
                0x08011e74      0x1bc ./src/main.o
 .rodata.bmsmenuval
                0x08012030      0x2d0 ./src/main.o
 .rodata.MyChannels_Src
                0x08012300       0x48 ./src/tsl_user.o
                0x08012300                MyChannels_Src
 .rodata.MyChannels_Dest
                0x08012348        0xc ./src/tsl_user.o
                0x08012348                MyChannels_Dest
 .rodata.MyBanks
                0x08012354       0x48 ./src/tsl_user.o
                0x08012354                MyBanks
 .rodata.MyTKeys_StateMachine
                0x0801239c       0xa0 ./src/tsl_user.o
                0x0801239c                MyTKeys_StateMachine
 .rodata.MyTKeys_Methods
                0x0801243c        0x8 ./src/tsl_user.o
                0x0801243c                MyTKeys_Methods
 .rodata.MyTKeys
                0x08012444       0x78 ./src/tsl_user.o
                0x08012444                MyTKeys
 .rodata.MyObjects
                0x080124bc       0x30 ./src/tsl_user.o
                0x080124bc                MyObjects
 .rodata        0x080124ec       0x40 /home/dacus/ARMToolchains/gcc-arm-none-eabi-4_8-2014q2/bin/../lib/gcc/arm-none-eabi/4.8.4/armv6-m/libgcc.a(divsf3.o)
 .rodata        0x0801252c       0x40 /home/dacus/ARMToolchains/gcc-arm-none-eabi-4_8-2014q2/bin/../lib/gcc/arm-none-eabi/4.8.4/armv6-m/libgcc.a(mulsf3.o)
 .rodata        0x0801256c       0x40 /home/dacus/ARMToolchains/gcc-arm-none-eabi-4_8-2014q2/bin/../lib/gcc/arm-none-eabi/4.8.4/armv6-m/libgcc.a(divdf3.o)
 .rodata        0x080125ac       0x40 /home/dacus/ARMToolchains/gcc-arm-none-eabi-4_8-2014q2/bin/../lib/gcc/arm-none-eabi/4.8.4/armv6-m/libgcc.a(muldf3.o)
 *(vtable)
 *(.eh_frame*)
 *(.glue_7)
 .glue_7        0x00000000        0x0 linker stubs
 *(.glue_7t)
 .glue_7t       0x00000000        0x0 linker stubs

.vfp11_veneer   0x080125ec        0x0
 .vfp11_veneer  0x00000000        0x0 linker stubs

.v4_bx          0x080125ec        0x0
 .v4_bx         0x00000000        0x0 linker stubs

.iplt           0x080125ec        0x0
 .iplt          0x00000000        0x0 ./system/src/stm32f0-stdperiph/stm32f0xx_gpio.o

.ARM.extab
 *(.ARM.extab* .gnu.linkonce.armextab.*)
                0x080125ec                __exidx_start = .

.ARM.exidx      0x080125ec        0x8
 *(.ARM.exidx* .gnu.linkonce.armexidx.*)
 .ARM.exidx     0x080125ec        0x8 /home/dacus/ARMToolchains/gcc-arm-none-eabi-4_8-2014q2/bin/../lib/gcc/arm-none-eabi/4.8.4/armv6-m/libgcc.a(_divdi3.o)
 .ARM.exidx     0x080125f4        0x0 /home/dacus/ARMToolchains/gcc-arm-none-eabi-4_8-2014q2/bin/../lib/gcc/arm-none-eabi/4.8.4/armv6-m/libgcc.a(_udivdi3.o)
                                  0x8 (size before relaxing)
                0x080125f4                __exidx_end = .

.rel.dyn        0x080125f4        0x0
 .rel.iplt      0x00000000        0x0 ./system/src/stm32f0-stdperiph/stm32f0xx_gpio.o
                0x080125f4                . = ALIGN (0x4)
                0x080125f4                _etext = .
                0x080125f4                __etext = .
                0x080125f4                _sidata = _etext

.data           0x20000000       0x40 load address 0x080125f4
                0x20000000                . = ALIGN (0x4)
                0x20000000                _sdata = .
                0x20000000                __data_start__ = .
 *(.data_begin .data_begin.*)
 *(.data .data.*)
 .data.APBAHBPrescTable
                0x20000000       0x10 ./system/src/stm32f0-stdperiph/stm32f0xx_rcc.o
 .data.argv.4461
                0x20000010        0x8 ./system/src/newlib/_syscalls.o
 .data.SystemCoreClock
                0x20000018        0x4 ./system/src/cmsis/system_stm32f0xx.o
                0x20000018                SystemCoreClock
 .data.sEETimeout
                0x2000001c        0x4 ./src/stm320518_eval_i2c_ee.o
                0x2000001c                sEETimeout
 .data.MyObjGroup
                0x20000020       0x10 ./src/tsl_user.o
                0x20000020                MyObjGroup
 .data.TSL_Params
                0x20000030       0x10 ./src/tsl_user.o
                0x20000030                TSL_Params
 *(.data_end .data_end.*)
                0x20000040                . = ALIGN (0x4)
                0x20000040                _edata = .
                0x20000040                __data_end__ = .

.igot.plt       0x20000040        0x0 load address 0x08012634
 .igot.plt      0x00000000        0x0 ./system/src/stm32f0-stdperiph/stm32f0xx_gpio.o

.bss            0x20000040      0x7b4 load address 0x08012638
                0x20000040                . = ALIGN (0x4)
                0x20000040                __bss_start__ = .
                0x20000040                _sbss = .
 *(.bss_begin .bss_begin.*)
 *(.bss .bss.*)
 .bss.name.4460
                0x20000040        0x4 ./system/src/newlib/_syscalls.o
 .bss.NumData   0x20000044        0x2 ./src/main.o
                0x20000044                NumData
 .bss.sEEAddress
                0x20000046        0x2 ./src/stm320518_eval_i2c_ee.o
                0x20000046                sEEAddress
 .bss.CalibDiv  0x20000048        0x2 ./src/tsl_touchkey.o
 *(COMMON)
 *fill*         0x2000004a        0x2 
 COMMON         0x2000004c        0x8 ./src/LCD.o
                0x2000004c                GPIO_InitStructure
 COMMON         0x20000054        0x4 ./src/Timer.o
                0x20000054                timer_delayCount
 COMMON         0x20000058      0x6f0 ./src/main.o
                0x20000058                bk
                0x20000064                RTC_TimeStampStructure
                0x20000068                ECS_last_tick
                0x2000006c                BatteryVoltage2
                0x20000070                LoadWh
                0x20000078                c7
                0x2000007c                bk11
                0x20000080                ROMdec2
                0x20000088                sc5
                0x2000008c                RTC_TimeStampDateStructure
                0x20000090                DFET
                0x20000094                RTC_DateStructure
                0x20000098                filter2
                0x2000009c                ROMtemp
                0x200000f4                c6
                0x200000f8                j
                0x200000fc                b2
                0x20000100                SolarCurrent
                0x20000104                i3
                0x20000108                process_sensor
                0x20000110                BatteryuWh
                0x20000118                LoaduWh
                0x20000120                c10
                0x20000124                timestamp
                0x2000012c                bc2
                0x20000130                filter1
                0x20000134                c2
                0x20000138                sc1
                0x2000013c                EF
                0x20000178                ROMrx
                0x200001d0                buttondirm
                0x200001d4                b1
                0x200001d8                ROMdec
                0x2000023c                zz1
                0x20000240                BattCapacity
                0x20000248                buttondir
                0x20000250                SolarWh
                0x20000258                i5
                0x2000025c                sc2
                0x20000260                filter3
                0x20000268                BatteryWh
                0x20000270                ETEMPLimit
                0x20000274                refresh1
                0x20000278                SOK
                0x20000280                BatterykWh2
                0x20000288                swtimer3
                0x2000028c                c222
                0x20000290                ITEMP
                0x20000294                b4
                0x20000298                c9cal
                0x2000029c                ETEMP
                0x200002a0                dir1
                0x200002a4                direction
                0x200002a8                lockkey1
                0x200002ac                c8
                0x200002b0                zz5
                0x200002b4                BVmin
                0x200002bc                cs7
                0x200002c0                RAMrx
                0x200002ec                z
                0x200002f0                EXT
                0x20000300                SolarW
                0x20000308                SolaruAh
                0x20000310                Serial
                0x2000031c                key1
                0x20000320                BatteryVoltage
                0x20000324                datestamp
                0x2000032c                scrolllenght
                0x20000330                timer3600
                0x20000334                TOK
                0x20000338                ROMUrx
                0x20000340                UVlock
                0x20000344                c1
                0x20000348                zz2
                0x2000034c                c9calx500
                0x20000350                SolarmAh
                0x20000358                step1
                0x2000035c                i2c
                0x20000360                swtimer1
                0x20000364                c9calx50
                0x20000368                SolaruWh
                0x20000370                BatteryCurrent
                0x20000374                debug_tick
                0x20000378                SolaruWh2
                0x20000380                BVmax
                0x20000388                bk22
                0x2000038c                swtimer4
                0x20000390                i8
                0x20000394                c22
                0x20000398                BatterymAh
                0x200003a0                d
                0x20000404                gain
                0x20000408                BOK
                0x2000040c                c3333
                0x20000410                nrcells
                0x20000414                bc3
                0x20000418                SolarkWh2
                0x20000420                sj
                0x20000424                ROMunit
                0x200004ec                BLoad
                0x200004f0                RTC_InitStructure
                0x200004fc                zz3
                0x20000500                CB
                0x20000520                BatterySOC
                0x20000528                c9
                0x2000052c                b5
                0x20000530                BVdelta
                0x20000534                dir2
                0x20000538                dir3
                0x2000053c                b3
                0x20000540                bc1
                0x20000544                i4
                0x20000548                release2
                0x2000054c                lockkey2
                0x20000550                c3
                0x20000558                BatteryuWh2
                0x20000560                sc3
                0x20000564                Cdirection
                0x20000568                sc4
                0x2000056c                tempL
                0x20000570                b6
                0x20000574                bc4
                0x20000578                LoadmAh
                0x20000580                SOC1
                0x20000584                chr
                0x20000644                rangeswitch
                0x20000648                ROMt
                0x2000064c                helptext
                0x20000650                BBack
                0x20000654                BV
                0x200006d8                LoaduAh
                0x200006e0                nr1
                0x200006e4                c33
                0x200006e8                BatteryW
                0x200006ec                LoadCurrent
                0x200006f0                RTC_TimeStructure
                0x200006f4                release1
                0x200006f8                lockkey
                0x200006fc                c333
                0x20000700                tim1
                0x20000704                zz4
                0x20000708                td
                0x2000071c                CFET
                0x20000720                update1
                0x20000724                i6
                0x20000728                LoadW
                0x2000072c                BMENU
                0x20000730                c8cal
                0x20000734                swtimer2
                0x20000738                OVlock
                0x2000073c                tempH
                0x20000740                BatteryuAh
 COMMON         0x20000748        0x2 ./src/stm320518_eval_i2c_ee.o
                0x20000748                sEEDataNum
 *fill*         0x2000074a        0x2 
 COMMON         0x2000074c        0x4 ./src/tsl_acq_stm32f0xx.o
                0x2000074c                DelayDischarge
 COMMON         0x20000750       0x14 ./src/tsl_globals.o
                0x20000750                TSL_Globals
 COMMON         0x20000764       0x90 ./src/tsl_user.o
                0x20000764                MyChannels_Data
                0x200007ac                MyTKeys_Param
                0x200007d6                Gv_ECS_last_tick
                0x200007d8                MyTKeys_Data
                0x200007f0                Gv_EOA
 *(.bss_end .bss_end.*)
                0x200007f4                . = ALIGN (0x4)
                0x200007f4                __bss_end__ = .
                0x200007f4                _ebss = .

.noinit         0x200007f4        0x0
                0x200007f4                . = ALIGN (0x4)
                0x200007f4                _noinit = .
 *(.noinit .noinit.*)
                0x200007f4                . = ALIGN (0x4)
                0x200007f4                _end_noinit = .
                0x200007f4                PROVIDE (end, _end_noinit)
                0x200007f4                PROVIDE (_end, _end_noinit)
                0x200007f4                PROVIDE (__end, _end_noinit)
                0x200007f4                PROVIDE (__end__, _end_noinit)

._check_stack   0x200007f4      0x100 load address 0x08012dec
                0x200007f4                . = ALIGN (0x4)
                0x200008f4                . = (. + _Minimum_Stack_Size)
 *fill*         0x200007f4      0x100 
                0x200008f4                . = ALIGN (0x4)

.bss_CCMRAM
 *(.bss.CCMRAM .bss.CCMRAM.*)

.b1text
 *(.b1text)
 *(.b1rodata)
 *(.b1rodata.*)

.eb0text
 *(.eb0text)
 *(.eb0rodata)
 *(.eb0rodata.*)

.eb1text
 *(.eb1text)
 *(.eb1rodata)
 *(.eb1rodata.*)

.eb2text
 *(.eb2text)
 *(.eb2rodata)
 *(.eb2rodata.*)

.eb3text
 *(.eb3text)
 *(.eb3rodata)
 *(.eb3rodata.*)

.stab
 *(.stab)

.stabstr
 *(.stabstr)

.stab.excl
 *(.stab.excl)

.stab.exclstr
 *(.stab.exclstr)

.stab.index
 *(.stab.index)

.stab.indexstr
 *(.stab.indexstr)

.comment        0x00000000       0x70
 *(.comment)
 .comment       0x00000000       0x70 ./system/src/stm32f0-stdperiph/stm32f0xx_gpio.o
                                 0x71 (size before relaxing)
 .comment       0x00000000       0x71 ./system/src/stm32f0-stdperiph/stm32f0xx_rcc.o
 .comment       0x00000000       0x71 ./system/src/newlib/_exit.o
 .comment       0x00000000       0x71 ./system/src/newlib/_startup.o
 .comment       0x00000000       0x71 ./system/src/newlib/_syscalls.o
 .comment       0x00000000       0x71 ./system/src/cortexm/_initialize_hardware.o
 .comment       0x00000000       0x71 ./system/src/cortexm/_reset_hardware.o
 .comment       0x00000000       0x71 ./system/src/cortexm/exception_handlers.o
 .comment       0x00000000       0x71 ./system/src/cmsis/system_stm32f0xx.o
 .comment       0x00000000       0x71 ./system/src/cmsis/vectors_stm32f0xx.o
 .comment       0x00000000       0x71 ./src/BMS1.o
 .comment       0x00000000       0x71 ./src/LCD.o
 .comment       0x00000000       0x71 ./src/Timer.o
 .comment       0x00000000       0x71 ./src/main.o
 .comment       0x00000000       0x71 ./src/stm320518_eval_i2c_ee.o
 .comment       0x00000000       0x71 ./src/stm32f0xx_exti.o
 .comment       0x00000000       0x71 ./src/stm32f0xx_i2c.o
 .comment       0x00000000       0x71 ./src/stm32f0xx_it.o
 .comment       0x00000000       0x71 ./src/stm32f0xx_misc.o
 .comment       0x00000000       0x71 ./src/stm32f0xx_pwr.o
 .comment       0x00000000       0x71 ./src/stm32f0xx_rtc.o
 .comment       0x00000000       0x71 ./src/stm32f0xx_usart.o
 .comment       0x00000000       0x71 ./src/tsl.o
 .comment       0x00000000       0x71 ./src/tsl_acq.o
 .comment       0x00000000       0x71 ./src/tsl_acq_stm32f0xx.o
 .comment       0x00000000       0x71 ./src/tsl_dxs.o
 .comment       0x00000000       0x71 ./src/tsl_ecs.o
 .comment       0x00000000       0x71 ./src/tsl_globals.o
 .comment       0x00000000       0x71 ./src/tsl_object.o
 .comment       0x00000000       0x71 ./src/tsl_time.o
 .comment       0x00000000       0x71 ./src/tsl_time_stm32f0xx.o
 .comment       0x00000000       0x71 ./src/tsl_touchkey.o
 .comment       0x00000000       0x71 ./src/tsl_user.o

.ARM.attributes
                0x00000000       0x31
 .ARM.attributes
                0x00000000       0x31 ./system/src/stm32f0-stdperiph/stm32f0xx_gpio.o
 .ARM.attributes
                0x00000031       0x31 ./system/src/stm32f0-stdperiph/stm32f0xx_rcc.o
 .ARM.attributes
                0x00000062       0x31 ./system/src/newlib/_exit.o
 .ARM.attributes
                0x00000093       0x31 ./system/src/newlib/_startup.o
 .ARM.attributes
                0x000000c4       0x31 ./system/src/newlib/_syscalls.o
 .ARM.attributes
                0x000000f5       0x31 ./system/src/cortexm/_initialize_hardware.o
 .ARM.attributes
                0x00000126       0x31 ./system/src/cortexm/_reset_hardware.o
 .ARM.attributes
                0x00000157       0x31 ./system/src/cortexm/exception_handlers.o
 .ARM.attributes
                0x00000188       0x31 ./system/src/cmsis/system_stm32f0xx.o
 .ARM.attributes
                0x000001b9       0x31 ./system/src/cmsis/vectors_stm32f0xx.o
 .ARM.attributes
                0x000001ea       0x31 ./src/BMS1.o
 .ARM.attributes
                0x0000021b       0x31 ./src/LCD.o
 .ARM.attributes
                0x0000024c       0x31 ./src/Timer.o
 .ARM.attributes
                0x0000027d       0x31 ./src/main.o
 .ARM.attributes
                0x000002ae       0x31 ./src/stm320518_eval_i2c_ee.o
 .ARM.attributes
                0x000002df       0x31 ./src/stm32f0xx_exti.o
 .ARM.attributes
                0x00000310       0x31 ./src/stm32f0xx_i2c.o
 .ARM.attributes
                0x00000341       0x31 ./src/stm32f0xx_it.o
 .ARM.attributes
                0x00000372       0x31 ./src/stm32f0xx_misc.o
 .ARM.attributes
                0x000003a3       0x31 ./src/stm32f0xx_pwr.o
 .ARM.attributes
                0x000003d4       0x31 ./src/stm32f0xx_rtc.o
 .ARM.attributes
                0x00000405       0x31 ./src/stm32f0xx_usart.o
 .ARM.attributes
                0x00000436       0x31 ./src/tsl.o
 .ARM.attributes
                0x00000467       0x31 ./src/tsl_acq.o
 .ARM.attributes
                0x00000498       0x31 ./src/tsl_acq_stm32f0xx.o
 .ARM.attributes
                0x000004c9       0x31 ./src/tsl_dxs.o
 .ARM.attributes
                0x000004fa       0x31 ./src/tsl_ecs.o
 .ARM.attributes
                0x0000052b       0x31 ./src/tsl_globals.o
 .ARM.attributes
                0x0000055c       0x31 ./src/tsl_object.o
 .ARM.attributes
                0x0000058d       0x31 ./src/tsl_time.o
 .ARM.attributes
                0x000005be       0x31 ./src/tsl_time_stm32f0xx.o
 .ARM.attributes
                0x000005ef       0x31 ./src/tsl_touchkey.o
 .ARM.attributes
                0x00000620       0x31 ./src/tsl_user.o
 .ARM.attributes
                0x00000651       0x1e /home/dacus/ARMToolchains/gcc-arm-none-eabi-4_8-2014q2/bin/../lib/gcc/arm-none-eabi/4.8.4/armv6-m/libgcc.a(_udivsi3.o)
 .ARM.attributes
                0x0000066f       0x1e /home/dacus/ARMToolchains/gcc-arm-none-eabi-4_8-2014q2/bin/../lib/gcc/arm-none-eabi/4.8.4/armv6-m/libgcc.a(_divsi3.o)
 .ARM.attributes
                0x0000068d       0x1e /home/dacus/ARMToolchains/gcc-arm-none-eabi-4_8-2014q2/bin/../lib/gcc/arm-none-eabi/4.8.4/armv6-m/libgcc.a(_dvmd_tls.o)
 .ARM.attributes
                0x000006ab       0x1e /home/dacus/ARMToolchains/gcc-arm-none-eabi-4_8-2014q2/bin/../lib/gcc/arm-none-eabi/4.8.4/armv6-m/libgcc.a(_aeabi_uldivmod.o)
 .ARM.attributes
                0x000006c9       0x2c /home/dacus/ARMToolchains/gcc-arm-none-eabi-4_8-2014q2/bin/../lib/gcc/arm-none-eabi/4.8.4/armv6-m/libgcc.a(_muldi3.o)
 .ARM.attributes
                0x000006f5       0x2c /home/dacus/ARMToolchains/gcc-arm-none-eabi-4_8-2014q2/bin/../lib/gcc/arm-none-eabi/4.8.4/armv6-m/libgcc.a(_fixunsdfsi.o)
 .ARM.attributes
                0x00000721       0x2c /home/dacus/ARMToolchains/gcc-arm-none-eabi-4_8-2014q2/bin/../lib/gcc/arm-none-eabi/4.8.4/armv6-m/libgcc.a(_fixunsdfdi.o)
 .ARM.attributes
                0x0000074d       0x2c /home/dacus/ARMToolchains/gcc-arm-none-eabi-4_8-2014q2/bin/../lib/gcc/arm-none-eabi/4.8.4/armv6-m/libgcc.a(_floatundidf.o)
 .ARM.attributes
                0x00000779       0x2c /home/dacus/ARMToolchains/gcc-arm-none-eabi-4_8-2014q2/bin/../lib/gcc/arm-none-eabi/4.8.4/armv6-m/libgcc.a(bpabi.o)
 .ARM.attributes
                0x000007a5       0x2c /home/dacus/ARMToolchains/gcc-arm-none-eabi-4_8-2014q2/bin/../lib/gcc/arm-none-eabi/4.8.4/armv6-m/libgcc.a(divsf3.o)
 .ARM.attributes
                0x000007d1       0x2c /home/dacus/ARMToolchains/gcc-arm-none-eabi-4_8-2014q2/bin/../lib/gcc/arm-none-eabi/4.8.4/armv6-m/libgcc.a(mulsf3.o)
 .ARM.attributes
                0x000007fd       0x2c /home/dacus/ARMToolchains/gcc-arm-none-eabi-4_8-2014q2/bin/../lib/gcc/arm-none-eabi/4.8.4/armv6-m/libgcc.a(floatsisf.o)
 .ARM.attributes
                0x00000829       0x2c /home/dacus/ARMToolchains/gcc-arm-none-eabi-4_8-2014q2/bin/../lib/gcc/arm-none-eabi/4.8.4/armv6-m/libgcc.a(floatunsisf.o)
 .ARM.attributes
                0x00000855       0x2c /home/dacus/ARMToolchains/gcc-arm-none-eabi-4_8-2014q2/bin/../lib/gcc/arm-none-eabi/4.8.4/armv6-m/libgcc.a(adddf3.o)
 .ARM.attributes
                0x00000881       0x2c /home/dacus/ARMToolchains/gcc-arm-none-eabi-4_8-2014q2/bin/../lib/gcc/arm-none-eabi/4.8.4/armv6-m/libgcc.a(divdf3.o)
 .ARM.attributes
                0x000008ad       0x2c /home/dacus/ARMToolchains/gcc-arm-none-eabi-4_8-2014q2/bin/../lib/gcc/arm-none-eabi/4.8.4/armv6-m/libgcc.a(muldf3.o)
 .ARM.attributes
                0x000008d9       0x2c /home/dacus/ARMToolchains/gcc-arm-none-eabi-4_8-2014q2/bin/../lib/gcc/arm-none-eabi/4.8.4/armv6-m/libgcc.a(subdf3.o)
 .ARM.attributes
                0x00000905       0x2c /home/dacus/ARMToolchains/gcc-arm-none-eabi-4_8-2014q2/bin/../lib/gcc/arm-none-eabi/4.8.4/armv6-m/libgcc.a(fixdfsi.o)
 .ARM.attributes
                0x00000931       0x2c /home/dacus/ARMToolchains/gcc-arm-none-eabi-4_8-2014q2/bin/../lib/gcc/arm-none-eabi/4.8.4/armv6-m/libgcc.a(floatsidf.o)
 .ARM.attributes
                0x0000095d       0x2c /home/dacus/ARMToolchains/gcc-arm-none-eabi-4_8-2014q2/bin/../lib/gcc/arm-none-eabi/4.8.4/armv6-m/libgcc.a(floatunsidf.o)
 .ARM.attributes
                0x00000989       0x2c /home/dacus/ARMToolchains/gcc-arm-none-eabi-4_8-2014q2/bin/../lib/gcc/arm-none-eabi/4.8.4/armv6-m/libgcc.a(extendsfdf2.o)
 .ARM.attributes
                0x000009b5       0x1e /home/dacus/ARMToolchains/gcc-arm-none-eabi-4_8-2014q2/bin/../lib/gcc/arm-none-eabi/4.8.4/armv6-m/libgcc.a(_arm_cmpdf2.o)
 .ARM.attributes
                0x000009d3       0x1e /home/dacus/ARMToolchains/gcc-arm-none-eabi-4_8-2014q2/bin/../lib/gcc/arm-none-eabi/4.8.4/armv6-m/libgcc.a(_clzsi2.o)
 .ARM.attributes
                0x000009f1       0x2c /home/dacus/ARMToolchains/gcc-arm-none-eabi-4_8-2014q2/bin/../lib/gcc/arm-none-eabi/4.8.4/armv6-m/libgcc.a(_divdi3.o)
 .ARM.attributes
                0x00000a1d       0x2c /home/dacus/ARMToolchains/gcc-arm-none-eabi-4_8-2014q2/bin/../lib/gcc/arm-none-eabi/4.8.4/armv6-m/libgcc.a(_udivdi3.o)
 .ARM.attributes
                0x00000a49       0x2c /home/dacus/ARMToolchains/gcc-arm-none-eabi-4_8-2014q2/bin/../lib/gcc/arm-none-eabi/4.8.4/armv6-m/libgcc.a(eqdf2.o)
 .ARM.attributes
                0x00000a75       0x2c /home/dacus/ARMToolchains/gcc-arm-none-eabi-4_8-2014q2/bin/../lib/gcc/arm-none-eabi/4.8.4/armv6-m/libgcc.a(gedf2.o)
 .ARM.attributes
                0x00000aa1       0x2c /home/dacus/ARMToolchains/gcc-arm-none-eabi-4_8-2014q2/bin/../lib/gcc/arm-none-eabi/4.8.4/armv6-m/libgcc.a(ledf2.o)
 .ARM.attributes
                0x00000acd       0x2c /home/dacus/ARMToolchains/gcc-arm-none-eabi-4_8-2014q2/bin/../lib/gcc/arm-none-eabi/4.8.4/../../../../arm-none-eabi/lib/armv6-m/libg_s.a(lib_a-memcpy-stub.o)

.debug
 *(.debug)

.line
 *(.line)

.debug_srcinfo
 *(.debug_srcinfo)

.debug_sfnames
 *(.debug_sfnames)

.debug_aranges  0x00000000     0x1010
 *(.debug_aranges)
 .debug_aranges
                0x00000000       0x80 ./system/src/stm32f0-stdperiph/stm32f0xx_gpio.o
 .debug_aranges
                0x00000080      0x160 ./system/src/stm32f0-stdperiph/stm32f0xx_rcc.o
 .debug_aranges
                0x000001e0       0x28 ./system/src/newlib/_exit.o
 .debug_aranges
                0x00000208       0x40 ./system/src/newlib/_startup.o
 .debug_aranges
                0x00000248       0xd0 ./system/src/newlib/_syscalls.o
 .debug_aranges
                0x00000318       0x20 ./system/src/cortexm/_initialize_hardware.o
 .debug_aranges
                0x00000338       0x28 ./system/src/cortexm/_reset_hardware.o
 .debug_aranges
                0x00000360       0x48 ./system/src/cortexm/exception_handlers.o
 .debug_aranges
                0x000003a8       0x30 ./system/src/cmsis/system_stm32f0xx.o
 .debug_aranges
                0x000003d8       0x20 ./system/src/cmsis/vectors_stm32f0xx.o
 .debug_aranges
                0x000003f8       0x28 ./src/BMS1.o
 .debug_aranges
                0x00000420       0xb0 ./src/LCD.o
 .debug_aranges
                0x000004d0       0x48 ./src/Timer.o
 .debug_aranges
                0x00000518      0x208 ./src/main.o
 .debug_aranges
                0x00000720       0x58 ./src/stm320518_eval_i2c_ee.o
 .debug_aranges
                0x00000778       0x58 ./src/stm32f0xx_exti.o
 .debug_aranges
                0x000007d0      0x168 ./src/stm32f0xx_i2c.o
 .debug_aranges
                0x00000938       0x40 ./src/stm32f0xx_it.o
 .debug_aranges
                0x00000978       0x30 ./src/stm32f0xx_misc.o
 .debug_aranges
                0x000009a8       0x68 ./src/stm32f0xx_pwr.o
 .debug_aranges
                0x00000a10      0x1c0 ./src/stm32f0xx_rtc.o
 .debug_aranges
                0x00000bd0      0x1a0 ./src/stm32f0xx_usart.o
 .debug_aranges
                0x00000d70       0x20 ./src/tsl.o
 .debug_aranges
                0x00000d90       0x30 ./src/tsl_acq.o
 .debug_aranges
                0x00000dc0       0x80 ./src/tsl_acq_stm32f0xx.o
 .debug_aranges
                0x00000e40       0x20 ./src/tsl_dxs.o
 .debug_aranges
                0x00000e60       0x30 ./src/tsl_ecs.o
 .debug_aranges
                0x00000e90       0x18 ./src/tsl_globals.o
 .debug_aranges
                0x00000ea8       0x30 ./src/tsl_object.o
 .debug_aranges
                0x00000ed8       0x30 ./src/tsl_time.o
 .debug_aranges
                0x00000f08       0x30 ./src/tsl_time_stm32f0xx.o
 .debug_aranges
                0x00000f38       0xa8 ./src/tsl_touchkey.o
 .debug_aranges
                0x00000fe0       0x30 ./src/tsl_user.o

.debug_pubnames
 *(.debug_pubnames)

.debug_info     0x00000000     0xe4e9
 *(.debug_info .gnu.linkonce.wi.*)
 .debug_info    0x00000000      0x5d7 ./system/src/stm32f0-stdperiph/stm32f0xx_gpio.o
 .debug_info    0x000005d7      0xa3e ./system/src/stm32f0-stdperiph/stm32f0xx_rcc.o
 .debug_info    0x00001015       0xdb ./system/src/newlib/_exit.o
 .debug_info    0x000010f0      0x377 ./system/src/newlib/_startup.o
 .debug_info    0x00001467      0x7ed ./system/src/newlib/_syscalls.o
 .debug_info    0x00001c54       0x84 ./system/src/cortexm/_initialize_hardware.o
 .debug_info    0x00001cd8      0x184 ./system/src/cortexm/_reset_hardware.o
 .debug_info    0x00001e5c       0x8c ./system/src/cortexm/exception_handlers.o
 .debug_info    0x00001ee8      0x2c7 ./system/src/cmsis/system_stm32f0xx.o
 .debug_info    0x000021af       0x8e ./system/src/cmsis/vectors_stm32f0xx.o
 .debug_info    0x0000223d       0x90 ./src/BMS1.o
 .debug_info    0x000022cd      0x701 ./src/LCD.o
 .debug_info    0x000029ce      0x44d ./src/Timer.o
 .debug_info    0x00002e1b     0x268c ./src/main.o
 .debug_info    0x000054a7      0x5fa ./src/stm320518_eval_i2c_ee.o
 .debug_info    0x00005aa1      0x311 ./src/stm32f0xx_exti.o
 .debug_info    0x00005db2      0xbb7 ./src/stm32f0xx_i2c.o
 .debug_info    0x00006969      0x1ce ./src/stm32f0xx_it.o
 .debug_info    0x00006b37      0x36e ./src/stm32f0xx_misc.o
 .debug_info    0x00006ea5      0x3cd ./src/stm32f0xx_pwr.o
 .debug_info    0x00007272      0xf0a ./src/stm32f0xx_rtc.o
 .debug_info    0x0000817c      0xe4a ./src/stm32f0xx_usart.o
 .debug_info    0x00008fc6      0x6c5 ./src/tsl.o
 .debug_info    0x0000968b      0x97b ./src/tsl_acq.o
 .debug_info    0x0000a006      0xd28 ./src/tsl_acq_stm32f0xx.o
 .debug_info    0x0000ad2e      0x1f6 ./src/tsl_dxs.o
 .debug_info    0x0000af24      0x95c ./src/tsl_ecs.o
 .debug_info    0x0000b880      0x667 ./src/tsl_globals.o
 .debug_info    0x0000bee7      0x7b7 ./src/tsl_object.o
 .debug_info    0x0000c69e      0x7c4 ./src/tsl_time.o
 .debug_info    0x0000ce62      0x410 ./src/tsl_time_stm32f0xx.o
 .debug_info    0x0000d272      0x96e ./src/tsl_touchkey.o
 .debug_info    0x0000dbe0      0x909 ./src/tsl_user.o

.debug_abbrev   0x00000000     0x2997
 *(.debug_abbrev)
 .debug_abbrev  0x00000000      0x1ac ./system/src/stm32f0-stdperiph/stm32f0xx_gpio.o
 .debug_abbrev  0x000001ac      0x1ee ./system/src/stm32f0-stdperiph/stm32f0xx_rcc.o
 .debug_abbrev  0x0000039a       0x9d ./system/src/newlib/_exit.o
 .debug_abbrev  0x00000437      0x11b ./system/src/newlib/_startup.o
 .debug_abbrev  0x00000552      0x162 ./system/src/newlib/_syscalls.o
 .debug_abbrev  0x000006b4       0x42 ./system/src/cortexm/_initialize_hardware.o
 .debug_abbrev  0x000006f6       0xdd ./system/src/cortexm/_reset_hardware.o
 .debug_abbrev  0x000007d3       0x2c ./system/src/cortexm/exception_handlers.o
 .debug_abbrev  0x000007ff      0x117 ./system/src/cmsis/system_stm32f0xx.o
 .debug_abbrev  0x00000916       0x8f ./system/src/cmsis/vectors_stm32f0xx.o
 .debug_abbrev  0x000009a5       0x6f ./src/BMS1.o
 .debug_abbrev  0x00000a14      0x1de ./src/LCD.o
 .debug_abbrev  0x00000bf2      0x18e ./src/Timer.o
 .debug_abbrev  0x00000d80      0x27d ./src/main.o
 .debug_abbrev  0x00000ffd      0x1aa ./src/stm320518_eval_i2c_ee.o
 .debug_abbrev  0x000011a7      0x194 ./src/stm32f0xx_exti.o
 .debug_abbrev  0x0000133b      0x187 ./src/stm32f0xx_i2c.o
 .debug_abbrev  0x000014c2       0xb1 ./src/stm32f0xx_it.o
 .debug_abbrev  0x00001573      0x145 ./src/stm32f0xx_misc.o
 .debug_abbrev  0x000016b8      0x188 ./src/stm32f0xx_pwr.o
 .debug_abbrev  0x00001840      0x1b7 ./src/stm32f0xx_rtc.o
 .debug_abbrev  0x000019f7      0x15e ./src/stm32f0xx_usart.o
 .debug_abbrev  0x00001b55       0xf6 ./src/tsl.o
 .debug_abbrev  0x00001c4b      0x14f ./src/tsl_acq.o
 .debug_abbrev  0x00001d9a      0x205 ./src/tsl_acq_stm32f0xx.o
 .debug_abbrev  0x00001f9f       0xa9 ./src/tsl_dxs.o
 .debug_abbrev  0x00002048      0x199 ./src/tsl_ecs.o
 .debug_abbrev  0x000021e1       0xb8 ./src/tsl_globals.o
 .debug_abbrev  0x00002299      0x10e ./src/tsl_object.o
 .debug_abbrev  0x000023a7      0x14f ./src/tsl_time.o
 .debug_abbrev  0x000024f6      0x14b ./src/tsl_time_stm32f0xx.o
 .debug_abbrev  0x00002641      0x226 ./src/tsl_touchkey.o
 .debug_abbrev  0x00002867      0x130 ./src/tsl_user.o

.debug_line     0x00000000     0x65fe
 *(.debug_line)
 .debug_line    0x00000000      0x2a9 ./system/src/stm32f0-stdperiph/stm32f0xx_gpio.o
 .debug_line    0x000002a9      0x506 ./system/src/stm32f0-stdperiph/stm32f0xx_rcc.o
 .debug_line    0x000007af      0x135 ./system/src/newlib/_exit.o
 .debug_line    0x000008e4      0x107 ./system/src/newlib/_startup.o
 .debug_line    0x000009eb      0x33f ./system/src/newlib/_syscalls.o
 .debug_line    0x00000d2a       0x60 ./system/src/cortexm/_initialize_hardware.o
 .debug_line    0x00000d8a      0x180 ./system/src/cortexm/_reset_hardware.o
 .debug_line    0x00000f0a       0x7e ./system/src/cortexm/exception_handlers.o
 .debug_line    0x00000f88      0x19f ./system/src/cmsis/system_stm32f0xx.o
 .debug_line    0x00001127       0x5d ./system/src/cmsis/vectors_stm32f0xx.o
 .debug_line    0x00001184       0x5e ./src/BMS1.o
 .debug_line    0x000011e2      0x44f ./src/LCD.o
 .debug_line    0x00001631      0x1df ./src/Timer.o
 .debug_line    0x00001810     0x1ae0 ./src/main.o
 .debug_line    0x000032f0      0x3a9 ./src/stm320518_eval_i2c_ee.o
 .debug_line    0x00003699      0x208 ./src/stm32f0xx_exti.o
 .debug_line    0x000038a1      0x4c2 ./src/stm32f0xx_i2c.o
 .debug_line    0x00003d63      0x178 ./src/stm32f0xx_it.o
 .debug_line    0x00003edb      0x190 ./src/stm32f0xx_misc.o
 .debug_line    0x0000406b      0x23d ./src/stm32f0xx_pwr.o
 .debug_line    0x000042a8      0x707 ./src/stm32f0xx_rtc.o
 .debug_line    0x000049af      0x58b ./src/stm32f0xx_usart.o
 .debug_line    0x00004f3a      0x168 ./src/tsl.o
 .debug_line    0x000050a2      0x254 ./src/tsl_acq.o
 .debug_line    0x000052f6      0x352 ./src/tsl_acq_stm32f0xx.o
 .debug_line    0x00005648      0x147 ./src/tsl_dxs.o
 .debug_line    0x0000578f      0x25b ./src/tsl_ecs.o
 .debug_line    0x000059ea      0x15b ./src/tsl_globals.o
 .debug_line    0x00005b45      0x1d9 ./src/tsl_object.o
 .debug_line    0x00005d1e      0x1d5 ./src/tsl_time.o
 .debug_line    0x00005ef3      0x1b0 ./src/tsl_time_stm32f0xx.o
 .debug_line    0x000060a3      0x3a7 ./src/tsl_touchkey.o
 .debug_line    0x0000644a      0x1b4 ./src/tsl_user.o

.debug_frame    0x00000000     0x39b8
 *(.debug_frame)
 .debug_frame   0x00000000      0x1b0 ./system/src/stm32f0-stdperiph/stm32f0xx_gpio.o
 .debug_frame   0x000001b0      0x524 ./system/src/stm32f0-stdperiph/stm32f0xx_rcc.o
 .debug_frame   0x000006d4       0x50 ./system/src/newlib/_exit.o
 .debug_frame   0x00000724       0xb0 ./system/src/newlib/_startup.o
 .debug_frame   0x000007d4      0x2e8 ./system/src/newlib/_syscalls.o
 .debug_frame   0x00000abc       0x2c ./system/src/cortexm/_initialize_hardware.o
 .debug_frame   0x00000ae8       0x48 ./system/src/cortexm/_reset_hardware.o
 .debug_frame   0x00000b30       0xac ./system/src/cortexm/exception_handlers.o
 .debug_frame   0x00000bdc       0x6c ./system/src/cmsis/system_stm32f0xx.o
 .debug_frame   0x00000c48       0x2c ./system/src/cmsis/vectors_stm32f0xx.o
 .debug_frame   0x00000c74       0x50 ./src/BMS1.o
 .debug_frame   0x00000cc4      0x268 ./src/LCD.o
 .debug_frame   0x00000f2c       0xc8 ./src/Timer.o
 .debug_frame   0x00000ff4      0x77c ./src/main.o
 .debug_frame   0x00001770      0x10c ./src/stm320518_eval_i2c_ee.o
 .debug_frame   0x0000187c      0x10c ./src/stm32f0xx_exti.o
 .debug_frame   0x00001988      0x550 ./src/stm32f0xx_i2c.o
 .debug_frame   0x00001ed8       0x9c ./src/stm32f0xx_it.o
 .debug_frame   0x00001f74       0x70 ./src/stm32f0xx_misc.o
 .debug_frame   0x00001fe4      0x148 ./src/stm32f0xx_pwr.o
 .debug_frame   0x0000212c      0x6a0 ./src/stm32f0xx_rtc.o
 .debug_frame   0x000027cc      0x630 ./src/stm32f0xx_usart.o
 .debug_frame   0x00002dfc       0x30 ./src/tsl.o
 .debug_frame   0x00002e2c       0x70 ./src/tsl_acq.o
 .debug_frame   0x00002e9c      0x1a4 ./src/tsl_acq_stm32f0xx.o
 .debug_frame   0x00003040       0x30 ./src/tsl_dxs.o
 .debug_frame   0x00003070       0x70 ./src/tsl_ecs.o
 .debug_frame   0x000030e0       0x70 ./src/tsl_object.o
 .debug_frame   0x00003150       0x6c ./src/tsl_time.o
 .debug_frame   0x000031bc       0x70 ./src/tsl_time_stm32f0xx.o
 .debug_frame   0x0000322c      0x224 ./src/tsl_touchkey.o
 .debug_frame   0x00003450       0x68 ./src/tsl_user.o
 .debug_frame   0x000034b8       0x20 /home/dacus/ARMToolchains/gcc-arm-none-eabi-4_8-2014q2/bin/../lib/gcc/arm-none-eabi/4.8.4/armv6-m/libgcc.a(_udivsi3.o)
 .debug_frame   0x000034d8       0x20 /home/dacus/ARMToolchains/gcc-arm-none-eabi-4_8-2014q2/bin/../lib/gcc/arm-none-eabi/4.8.4/armv6-m/libgcc.a(_divsi3.o)
 .debug_frame   0x000034f8       0x30 /home/dacus/ARMToolchains/gcc-arm-none-eabi-4_8-2014q2/bin/../lib/gcc/arm-none-eabi/4.8.4/armv6-m/libgcc.a(_muldi3.o)
 .debug_frame   0x00003528       0x2c /home/dacus/ARMToolchains/gcc-arm-none-eabi-4_8-2014q2/bin/../lib/gcc/arm-none-eabi/4.8.4/armv6-m/libgcc.a(_fixunsdfsi.o)
 .debug_frame   0x00003554       0x2c /home/dacus/ARMToolchains/gcc-arm-none-eabi-4_8-2014q2/bin/../lib/gcc/arm-none-eabi/4.8.4/armv6-m/libgcc.a(_fixunsdfdi.o)
 .debug_frame   0x00003580       0x2c /home/dacus/ARMToolchains/gcc-arm-none-eabi-4_8-2014q2/bin/../lib/gcc/arm-none-eabi/4.8.4/armv6-m/libgcc.a(_floatundidf.o)
 .debug_frame   0x000035ac       0x50 /home/dacus/ARMToolchains/gcc-arm-none-eabi-4_8-2014q2/bin/../lib/gcc/arm-none-eabi/4.8.4/armv6-m/libgcc.a(bpabi.o)
 .debug_frame   0x000035fc       0x3c /home/dacus/ARMToolchains/gcc-arm-none-eabi-4_8-2014q2/bin/../lib/gcc/arm-none-eabi/4.8.4/armv6-m/libgcc.a(divsf3.o)
 .debug_frame   0x00003638       0x3c /home/dacus/ARMToolchains/gcc-arm-none-eabi-4_8-2014q2/bin/../lib/gcc/arm-none-eabi/4.8.4/armv6-m/libgcc.a(mulsf3.o)
 .debug_frame   0x00003674       0x2c /home/dacus/ARMToolchains/gcc-arm-none-eabi-4_8-2014q2/bin/../lib/gcc/arm-none-eabi/4.8.4/armv6-m/libgcc.a(floatsisf.o)
 .debug_frame   0x000036a0       0x28 /home/dacus/ARMToolchains/gcc-arm-none-eabi-4_8-2014q2/bin/../lib/gcc/arm-none-eabi/4.8.4/armv6-m/libgcc.a(floatunsisf.o)
 .debug_frame   0x000036c8       0x3c /home/dacus/ARMToolchains/gcc-arm-none-eabi-4_8-2014q2/bin/../lib/gcc/arm-none-eabi/4.8.4/armv6-m/libgcc.a(adddf3.o)
 .debug_frame   0x00003704       0x3c /home/dacus/ARMToolchains/gcc-arm-none-eabi-4_8-2014q2/bin/../lib/gcc/arm-none-eabi/4.8.4/armv6-m/libgcc.a(divdf3.o)
 .debug_frame   0x00003740       0x3c /home/dacus/ARMToolchains/gcc-arm-none-eabi-4_8-2014q2/bin/../lib/gcc/arm-none-eabi/4.8.4/armv6-m/libgcc.a(muldf3.o)
 .debug_frame   0x0000377c       0x3c /home/dacus/ARMToolchains/gcc-arm-none-eabi-4_8-2014q2/bin/../lib/gcc/arm-none-eabi/4.8.4/armv6-m/libgcc.a(subdf3.o)
 .debug_frame   0x000037b8       0x2c /home/dacus/ARMToolchains/gcc-arm-none-eabi-4_8-2014q2/bin/../lib/gcc/arm-none-eabi/4.8.4/armv6-m/libgcc.a(fixdfsi.o)
 .debug_frame   0x000037e4       0x30 /home/dacus/ARMToolchains/gcc-arm-none-eabi-4_8-2014q2/bin/../lib/gcc/arm-none-eabi/4.8.4/armv6-m/libgcc.a(floatsidf.o)
 .debug_frame   0x00003814       0x28 /home/dacus/ARMToolchains/gcc-arm-none-eabi-4_8-2014q2/bin/../lib/gcc/arm-none-eabi/4.8.4/armv6-m/libgcc.a(floatunsidf.o)
 .debug_frame   0x0000383c       0x2c /home/dacus/ARMToolchains/gcc-arm-none-eabi-4_8-2014q2/bin/../lib/gcc/arm-none-eabi/4.8.4/armv6-m/libgcc.a(extendsfdf2.o)
 .debug_frame   0x00003868       0x3c /home/dacus/ARMToolchains/gcc-arm-none-eabi-4_8-2014q2/bin/../lib/gcc/arm-none-eabi/4.8.4/armv6-m/libgcc.a(_divdi3.o)
 .debug_frame   0x000038a4       0x3c /home/dacus/ARMToolchains/gcc-arm-none-eabi-4_8-2014q2/bin/../lib/gcc/arm-none-eabi/4.8.4/armv6-m/libgcc.a(_udivdi3.o)
 .debug_frame   0x000038e0       0x3c /home/dacus/ARMToolchains/gcc-arm-none-eabi-4_8-2014q2/bin/../lib/gcc/arm-none-eabi/4.8.4/armv6-m/libgcc.a(eqdf2.o)
 .debug_frame   0x0000391c       0x38 /home/dacus/ARMToolchains/gcc-arm-none-eabi-4_8-2014q2/bin/../lib/gcc/arm-none-eabi/4.8.4/armv6-m/libgcc.a(gedf2.o)
 .debug_frame   0x00003954       0x3c /home/dacus/ARMToolchains/gcc-arm-none-eabi-4_8-2014q2/bin/../lib/gcc/arm-none-eabi/4.8.4/armv6-m/libgcc.a(ledf2.o)
 .debug_frame   0x00003990       0x28 /home/dacus/ARMToolchains/gcc-arm-none-eabi-4_8-2014q2/bin/../lib/gcc/arm-none-eabi/4.8.4/../../../../arm-none-eabi/lib/armv6-m/libg_s.a(lib_a-memcpy-stub.o)

.debug_str      0x00000000     0x46aa
 *(.debug_str)
 .debug_str     0x00000000      0x494 ./system/src/stm32f0-stdperiph/stm32f0xx_gpio.o
                                0x4e7 (size before relaxing)
 .debug_str     0x00000494      0x5c3 ./system/src/stm32f0-stdperiph/stm32f0xx_rcc.o
                                0x7e6 (size before relaxing)
 .debug_str     0x00000a57       0x45 ./system/src/newlib/_exit.o
                                0x1c9 (size before relaxing)
 .debug_str     0x00000a9c      0x126 ./system/src/newlib/_startup.o
                                0x2d2 (size before relaxing)
 .debug_str     0x00000bc2      0x26b ./system/src/newlib/_syscalls.o
                                0x442 (size before relaxing)
 .debug_str     0x00000e2d       0x43 ./system/src/cortexm/_initialize_hardware.o
                                0x1c2 (size before relaxing)
 .debug_str     0x00000e70       0x70 ./system/src/cortexm/_reset_hardware.o
                                0x217 (size before relaxing)
 .debug_str     0x00000ee0       0x82 ./system/src/cortexm/exception_handlers.o
                                0x174 (size before relaxing)
 .debug_str     0x00000f62       0x88 ./system/src/cmsis/system_stm32f0xx.o
                                0x2cc (size before relaxing)
 .debug_str     0x00000fea       0x56 ./system/src/cmsis/vectors_stm32f0xx.o
                                0x15e (size before relaxing)
 .debug_str     0x00001040       0x27 ./src/BMS1.o
                                0x138 (size before relaxing)
 .debug_str     0x00001067      0x18f ./src/LCD.o
                                0x4f6 (size before relaxing)
 .debug_str     0x000011f6      0x2ac ./src/Timer.o
                                0x4bb (size before relaxing)
 .debug_str     0x000014a2     0x1251 ./src/main.o
                               0x18a4 (size before relaxing)
 .debug_str     0x000026f3      0x1e4 ./src/stm320518_eval_i2c_ee.o
                                0x584 (size before relaxing)
 .debug_str     0x000028d7       0xce ./src/stm32f0xx_exti.o
                                0x371 (size before relaxing)
 .debug_str     0x000029a5      0x39f ./src/stm32f0xx_i2c.o
                                0x67c (size before relaxing)
 .debug_str     0x00002d44       0x5e ./src/stm32f0xx_it.o
                                0x252 (size before relaxing)
 .debug_str     0x00002da2       0x89 ./src/stm32f0xx_misc.o
                                0x338 (size before relaxing)
 .debug_str     0x00002e2b      0x126 ./src/stm32f0xx_pwr.o
                                0x35d (size before relaxing)
 .debug_str     0x00002f51      0x724 ./src/stm32f0xx_rtc.o
                                0xa89 (size before relaxing)
 .debug_str     0x00003675      0x638 ./src/stm32f0xx_usart.o
                                0x9ba (size before relaxing)
 .debug_str     0x00003cad      0x14d ./src/tsl.o
                                0xa4a (size before relaxing)
 .debug_str     0x00003dfa      0x20c ./src/tsl_acq.o
                                0xc40 (size before relaxing)
 .debug_str     0x00004006      0x18a ./src/tsl_acq_stm32f0xx.o
                                0xed5 (size before relaxing)
 .debug_str     0x00004190       0x29 ./src/tsl_dxs.o
                                0x336 (size before relaxing)
 .debug_str     0x000041b9       0xe4 ./src/tsl_ecs.o
                                0xbda (size before relaxing)
 .debug_str     0x0000429d       0x15 ./src/tsl_globals.o
                                0x9fc (size before relaxing)
 .debug_str     0x000042b2       0x62 ./src/tsl_object.o
                                0xadf (size before relaxing)
 .debug_str     0x00004314       0x69 ./src/tsl_time.o
                                0xac6 (size before relaxing)
 .debug_str     0x0000437d       0x29 ./src/tsl_time_stm32f0xx.o
                                0x4c4 (size before relaxing)
 .debug_str     0x000043a6      0x21f ./src/tsl_touchkey.o
                                0xd3b (size before relaxing)
 .debug_str     0x000045c5       0xe5 ./src/tsl_user.o
                                0xbad (size before relaxing)

.debug_loc
 *(.debug_loc)

.debug_macinfo
 *(.debug_macinfo)

.debug_weaknames
 *(.debug_weaknames)

.debug_funcnames
 *(.debug_funcnames)

.debug_typenames
 *(.debug_typenames)

.debug_varnames
 *(.debug_varnames)
OUTPUT(SBMS4080_HWv03c_SWv09c.elf elf32-littlearm)

.debug_ranges   0x00000000      0xdf8
 .debug_ranges  0x00000000       0x70 ./system/src/stm32f0-stdperiph/stm32f0xx_gpio.o
 .debug_ranges  0x00000070      0x150 ./system/src/stm32f0-stdperiph/stm32f0xx_rcc.o
 .debug_ranges  0x000001c0       0x18 ./system/src/newlib/_exit.o
 .debug_ranges  0x000001d8       0x30 ./system/src/newlib/_startup.o
 .debug_ranges  0x00000208       0xc0 ./system/src/newlib/_syscalls.o
 .debug_ranges  0x000002c8       0x10 ./system/src/cortexm/_initialize_hardware.o
 .debug_ranges  0x000002d8       0x18 ./system/src/cortexm/_reset_hardware.o
 .debug_ranges  0x000002f0       0x38 ./system/src/cortexm/exception_handlers.o
 .debug_ranges  0x00000328       0x20 ./system/src/cmsis/system_stm32f0xx.o
 .debug_ranges  0x00000348       0x10 ./system/src/cmsis/vectors_stm32f0xx.o
 .debug_ranges  0x00000358       0x18 ./src/BMS1.o
 .debug_ranges  0x00000370       0xa0 ./src/LCD.o
 .debug_ranges  0x00000410       0x38 ./src/Timer.o
 .debug_ranges  0x00000448      0x1f8 ./src/main.o
 .debug_ranges  0x00000640       0x48 ./src/stm320518_eval_i2c_ee.o
 .debug_ranges  0x00000688       0x48 ./src/stm32f0xx_exti.o
 .debug_ranges  0x000006d0      0x158 ./src/stm32f0xx_i2c.o
 .debug_ranges  0x00000828       0x30 ./src/stm32f0xx_it.o
 .debug_ranges  0x00000858       0x20 ./src/stm32f0xx_misc.o
 .debug_ranges  0x00000878       0x58 ./src/stm32f0xx_pwr.o
 .debug_ranges  0x000008d0      0x1b0 ./src/stm32f0xx_rtc.o
 .debug_ranges  0x00000a80      0x190 ./src/stm32f0xx_usart.o
 .debug_ranges  0x00000c10       0x10 ./src/tsl.o
 .debug_ranges  0x00000c20       0x20 ./src/tsl_acq.o
 .debug_ranges  0x00000c40       0x70 ./src/tsl_acq_stm32f0xx.o
 .debug_ranges  0x00000cb0       0x10 ./src/tsl_dxs.o
 .debug_ranges  0x00000cc0       0x20 ./src/tsl_ecs.o
 .debug_ranges  0x00000ce0       0x20 ./src/tsl_object.o
 .debug_ranges  0x00000d00       0x20 ./src/tsl_time.o
 .debug_ranges  0x00000d20       0x20 ./src/tsl_time_stm32f0xx.o
 .debug_ranges  0x00000d40       0x98 ./src/tsl_touchkey.o
 .debug_ranges  0x00000dd8       0x20 ./src/tsl_user.o
